[0920/184047.261:INFO:CONSOLE:789] "[vite] connecting...", source: http://localhost:5173/@vite/client (789)
[0920/184047.307:INFO:CONSOLE:912] "[vite] connected.", source: http://localhost:5173/@vite/client (912)
[0920/184047.668:INFO:CONSOLE:21609] "%cDownload the React DevTools for a better development experience: https://reactjs.org/link/react-devtools font-weight:bold", source: http://localhost:5173/node_modules/.vite/deps/chunk-5N3W7BEQ.js?v=286c378e (21609)
[0920/184112.078:INFO:CONSOLE:883] "[vite] invalidate /src/main.tsx: Could not Fast Refresh ("true" export is incompatible). Learn more at https://github.com/vitejs/vite-plugin-react/tree/main/packages/plugin-react#consistent-components-exports", source: http://localhost:5173/@vite/client (883)
[0920/184112.078:INFO:CONSOLE:883] "[vite] hot updated: /src/main.tsx", source: http://localhost:5173/@vite/client (883)
[0920/184112.079:INFO:CONSOLE:883] "[vite] hot updated: /src/ui/CollabPanel.tsx", source: http://localhost:5173/@vite/client (883)
[0920/184112.079:INFO:CONSOLE:883] "[vite] hot updated: /src/ui/App.tsx", source: http://localhost:5173/@vite/client (883)
[0920/184112.079:INFO:CONSOLE:883] "[vite] hot updated: /src/ui/PatternBar.tsx", source: http://localhost:5173/@vite/client (883)
[0920/184112.079:INFO:CONSOLE:883] "[vite] invalidate /src/ui/ContextMenu.tsx: Could not Fast Refresh ("deriveContext" export is incompatible). Learn more at https://github.com/vitejs/vite-plugin-react/tree/main/packages/plugin-react#consistent-components-exports", source: http://localhost:5173/@vite/client (883)
[0920/184112.079:INFO:CONSOLE:883] "[vite] hot updated: /src/ui/ContextMenu.tsx", source: http://localhost:5173/@vite/client (883)
[0920/184112.079:INFO:CONSOLE:883] "[vite] invalidate /src/ui/TrackTabs.tsx: Could not Fast Refresh ("trackBadge" export is incompatible). Learn more at https://github.com/vitejs/vite-plugin-react/tree/main/packages/plugin-react#consistent-components-exports", source: http://localhost:5173/@vite/client (883)
[0920/184112.079:INFO:CONSOLE:883] "[vite] hot updated: /src/ui/TrackTabs.tsx", source: http://localhost:5173/@vite/client (883)
[0920/184112.079:INFO:CONSOLE:883] "[vite] hot updated: /src/ui/TopBar.tsx", source: http://localhost:5173/@vite/client (883)
[0920/184112.079:INFO:CONSOLE:883] "[vite] hot updated: /src/ui/RackStrip.tsx", source: http://localhost:5173/@vite/client (883)
[0920/184112.080:INFO:CONSOLE:883] "[vite] hot updated: /src/ui/Inspector.tsx", source: http://localhost:5173/@vite/client (883)
[0920/184112.080:INFO:CONSOLE:883] "[vite] invalidate /src/ui/DiceContext.tsx: Could not Fast Refresh ("useDice" export is incompatible). Learn more at https://github.com/vitejs/vite-plugin-react/tree/main/packages/plugin-react#consistent-components-exports", source: http://localhost:5173/@vite/client (883)
[0920/184112.080:INFO:CONSOLE:883] "[vite] hot updated: /src/ui/DiceContext.tsx", source: http://localhost:5173/@vite/client (883)
[0920/184112.080:INFO:CONSOLE:883] "[vite] hot updated: /src/ui/EffectRack.tsx", source: http://localhost:5173/@vite/client (883)
[0920/184112.080:INFO:CONSOLE:883] "[vite] hot updated: /src/ui/Sequencer.tsx", source: http://localhost:5173/@vite/client (883)
[0920/184112.080:INFO:CONSOLE:883] "[vite] hot updated: /src/ui/ScalePanel.tsx", source: http://localhost:5173/@vite/client (883)
[0920/184112.080:INFO:CONSOLE:883] "[vite] hot updated: /src/ui/AssistPanel.tsx", source: http://localhost:5173/@vite/client (883)
[0920/184112.081:INFO:CONSOLE:883] "[vite] invalidate /src/ui/ModMatrixRow.tsx: Could not Fast Refresh ("isModMatrixParam" export is incompatible). Learn more at https://github.com/vitejs/vite-plugin-react/tree/main/packages/plugin-react#consistent-components-exports", source: http://localhost:5173/@vite/client (883)
[0920/184112.081:INFO:CONSOLE:883] "[vite] hot updated: /src/ui/ModMatrixRow.tsx", source: http://localhost:5173/@vite/client (883)
[0920/184112.081:INFO:CONSOLE:883] "[vite] hot updated: /src/ui/GenerateDialog.tsx", source: http://localhost:5173/@vite/client (883)
[0920/184112.081:INFO:CONSOLE:883] "[vite] hot updated: /src/ui/FloatingPlugin.tsx", source: http://localhost:5173/@vite/client (883)
[0920/184112.081:INFO:CONSOLE:883] "[vite] invalidate /src/ui/SceneLauncher.tsx: Could not Fast Refresh ("useSceneRuntimeState" export is incompatible). Learn more at https://github.com/vitejs/vite-plugin-react/tree/main/packages/plugin-react#consistent-components-exports", source: http://localhost:5173/@vite/client (883)
[0920/184112.081:INFO:CONSOLE:883] "[vite] hot updated: /src/ui/SceneLauncher.tsx", source: http://localhost:5173/@vite/client (883)
[0920/184112.081:INFO:CONSOLE:883] "[vite] hot updated: /src/ui/BeatManglerEditor.tsx", source: http://localhost:5173/@vite/client (883)
[0920/184112.082:INFO:CONSOLE:883] "[vite] hot updated: /src/ui/IntentPanel.tsx", source: http://localhost:5173/@vite/client (883)
[0920/184112.082:INFO:CONSOLE:883] "[vite] hot updated: /src/ui/PianoRoll.tsx", source: http://localhost:5173/@vite/client (883)
[0920/184112.082:INFO:CONSOLE:883] "[vite] hot updated: /src/ui/GranularPanel.tsx", source: http://localhost:5173/@vite/client (883)
[0920/184112.082:INFO:CONSOLE:883] "[vite] hot updated: /src/ui/EnvEditor.tsx", source: http://localhost:5173/@vite/client (883)
[0920/184112.082:INFO:CONSOLE:883] "[vite] hot updated: /src/ui/EffectIntentAssistant.tsx", source: http://localhost:5173/@vite/client (883)
[0920/184112.082:INFO:CONSOLE:883] "[vite] hot updated: /src/ui/WavetablePanel.tsx", source: http://localhost:5173/@vite/client (883)
[0920/184112.256:INFO:CONSOLE:883] "[vite] hot updated: /src/ui/App.tsx", source: http://localhost:5173/@vite/client (883)
[0920/184112.270:INFO:CONSOLE:883] "[vite] hot updated: /src/ui/App.tsx", source: http://localhost:5173/@vite/client (883)
[0920/184112.270:INFO:CONSOLE:883] "[vite] hot updated: /src/ui/Sequencer.tsx", source: http://localhost:5173/@vite/client (883)
[0920/184112.275:INFO:CONSOLE:883] "[vite] hot updated: /src/ui/App.tsx", source: http://localhost:5173/@vite/client (883)
[0920/184112.279:INFO:CONSOLE:883] "[vite] hot updated: /src/ui/Inspector.tsx", source: http://localhost:5173/@vite/client (883)
[0920/184112.279:INFO:CONSOLE:883] "[vite] hot updated: /src/ui/FloatingPlugin.tsx", source: http://localhost:5173/@vite/client (883)
[0920/184112.282:INFO:CONSOLE:883] "[vite] hot updated: /src/ui/PatternBar.tsx", source: http://localhost:5173/@vite/client (883)
[0920/184112.360:INFO:CONSOLE:89] "[curated] failed to load factory.crash.main.wav: TypeError: Failed to fetch", source: http://localhost:5173/src/sample-library/curated.ts (89)
[0920/184112.360:INFO:CONSOLE:89] "[curated] failed to load factory.hat.pedal.wav: TypeError: Failed to fetch", source: http://localhost:5173/src/sample-library/curated.ts (89)
[0920/184112.360:INFO:CONSOLE:89] "[curated] failed to load factory.ride.ping.wav: TypeError: Failed to fetch", source: http://localhost:5173/src/sample-library/curated.ts (89)
[0920/184112.360:INFO:CONSOLE:89] "[curated] failed to load factory.ride.bell.wav: TypeError: Failed to fetch", source: http://localhost:5173/src/sample-library/curated.ts (89)
[0920/184112.406:INFO:CONSOLE:789] "[vite] connecting...", source: http://localhost:5173/@vite/client (789)
[0920/184112.456:INFO:CONSOLE:912] "[vite] connected.", source: http://localhost:5173/@vite/client (912)
[0920/184112.762:INFO:CONSOLE:21609] "%cDownload the React DevTools for a better development experience: https://reactjs.org/link/react-devtools font-weight:bold", source: http://localhost:5173/node_modules/.vite/deps/chunk-5N3W7BEQ.js?v=286c378e (21609)
[0920/184147.835:INFO:CONSOLE:883] "[vite] invalidate /src/main.tsx: Could not Fast Refresh ("true" export is incompatible). Learn more at https://github.com/vitejs/vite-plugin-react/tree/main/packages/plugin-react#consistent-components-exports", source: http://localhost:5173/@vite/client (883)
[0920/184147.835:INFO:CONSOLE:883] "[vite] hot updated: /src/main.tsx", source: http://localhost:5173/@vite/client (883)
[0920/184147.836:INFO:CONSOLE:883] "[vite] hot updated: /src/ui/IntentPanel.tsx", source: http://localhost:5173/@vite/client (883)
[0920/184147.836:INFO:CONSOLE:883] "[vite] hot updated: /src/ui/ProjectBrowser.tsx", source: http://localhost:5173/@vite/client (883)
[0920/184147.836:INFO:CONSOLE:883] "[vite] hot updated: /src/ui/Diagnostics.tsx", source: http://localhost:5173/@vite/client (883)
[0920/184147.836:INFO:CONSOLE:883] "[vite] hot updated: /src/ui/CollabPanel.tsx", source: http://localhost:5173/@vite/client (883)
[0920/184147.837:INFO:CONSOLE:883] "[vite] hot updated: /src/ui/App.tsx", source: http://localhost:5173/@vite/client (883)
[0920/184147.837:INFO:CONSOLE:883] "[vite] hot updated: /src/ui/PatternBar.tsx", source: http://localhost:5173/@vite/client (883)
[0920/184147.837:INFO:CONSOLE:883] "[vite] invalidate /src/ui/ContextMenu.tsx: Could not Fast Refresh ("deriveContext" export is incompatible). Learn more at https://github.com/vitejs/vite-plugin-react/tree/main/packages/plugin-react#consistent-components-exports", source: http://localhost:5173/@vite/client (883)
[0920/184147.837:INFO:CONSOLE:883] "[vite] hot updated: /src/ui/ContextMenu.tsx", source: http://localhost:5173/@vite/client (883)
[0920/184147.837:INFO:CONSOLE:883] "[vite] invalidate /src/ui/TrackTabs.tsx: Could not Fast Refresh ("trackBadge" export is incompatible). Learn more at https://github.com/vitejs/vite-plugin-react/tree/main/packages/plugin-react#consistent-components-exports", source: http://localhost:5173/@vite/client (883)
[0920/184147.837:INFO:CONSOLE:883] "[vite] hot updated: /src/ui/TrackTabs.tsx", source: http://localhost:5173/@vite/client (883)
[0920/184147.837:INFO:CONSOLE:883] "[vite] hot updated: /src/ui/TopBar.tsx", source: http://localhost:5173/@vite/client (883)
[0920/184147.837:INFO:CONSOLE:883] "[vite] hot updated: /src/ui/RackStrip.tsx", source: http://localhost:5173/@vite/client (883)
[0920/184147.838:INFO:CONSOLE:883] "[vite] hot updated: /src/ui/Inspector.tsx", source: http://localhost:5173/@vite/client (883)
[0920/184147.838:INFO:CONSOLE:883] "[vite] invalidate /src/ui/DiceContext.tsx: Could not Fast Refresh ("useDice" export is incompatible). Learn more at https://github.com/vitejs/vite-plugin-react/tree/main/packages/plugin-react#consistent-components-exports", source: http://localhost:5173/@vite/client (883)
[0920/184147.838:INFO:CONSOLE:883] "[vite] hot updated: /src/ui/DiceContext.tsx", source: http://localhost:5173/@vite/client (883)
[0920/184147.838:INFO:CONSOLE:883] "[vite] hot updated: /src/ui/EffectRack.tsx", source: http://localhost:5173/@vite/client (883)
[0920/184147.838:INFO:CONSOLE:883] "[vite] hot updated: /src/ui/Sequencer.tsx", source: http://localhost:5173/@vite/client (883)
[0920/184147.838:INFO:CONSOLE:883] "[vite] hot updated: /src/ui/ScalePanel.tsx", source: http://localhost:5173/@vite/client (883)
[0920/184147.838:INFO:CONSOLE:883] "[vite] hot updated: /src/ui/AssistPanel.tsx", source: http://localhost:5173/@vite/client (883)
[0920/184147.838:INFO:CONSOLE:883] "[vite] invalidate /src/ui/ModMatrixRow.tsx: Could not Fast Refresh ("isModMatrixParam" export is incompatible). Learn more at https://github.com/vitejs/vite-plugin-react/tree/main/packages/plugin-react#consistent-components-exports", source: http://localhost:5173/@vite/client (883)
[0920/184147.839:INFO:CONSOLE:883] "[vite] hot updated: /src/ui/ModMatrixRow.tsx", source: http://localhost:5173/@vite/client (883)
[0920/184147.839:INFO:CONSOLE:883] "[vite] hot updated: /src/ui/GenerateDialog.tsx", source: http://localhost:5173/@vite/client (883)
[0920/184147.839:INFO:CONSOLE:883] "[vite] hot updated: /src/ui/FloatingPlugin.tsx", source: http://localhost:5173/@vite/client (883)
[0920/184147.839:INFO:CONSOLE:883] "[vite] invalidate /src/ui/SceneLauncher.tsx: Could not Fast Refresh ("useSceneRuntimeState" export is incompatible). Learn more at https://github.com/vitejs/vite-plugin-react/tree/main/packages/plugin-react#consistent-components-exports", source: http://localhost:5173/@vite/client (883)
[0920/184147.839:INFO:CONSOLE:883] "[vite] hot updated: /src/ui/SceneLauncher.tsx", source: http://localhost:5173/@vite/client (883)
[0920/184147.839:INFO:CONSOLE:883] "[vite] hot updated: /src/ui/BeatManglerEditor.tsx", source: http://localhost:5173/@vite/client (883)
[0920/184147.839:INFO:CONSOLE:883] "[vite] hot updated: /src/ui/PianoRoll.tsx", source: http://localhost:5173/@vite/client (883)
[0920/184147.840:INFO:CONSOLE:883] "[vite] hot updated: /src/ui/GranularPanel.tsx", source: http://localhost:5173/@vite/client (883)
[0920/184147.840:INFO:CONSOLE:883] "[vite] hot updated: /src/ui/EnvEditor.tsx", source: http://localhost:5173/@vite/client (883)
[0920/184147.840:INFO:CONSOLE:883] "[vite] hot updated: /src/ui/EffectIntentAssistant.tsx", source: http://localhost:5173/@vite/client (883)
[0920/184147.840:INFO:CONSOLE:883] "[vite] hot updated: /src/ui/WavetablePanel.tsx", source: http://localhost:5173/@vite/client (883)
[0920/184147.840:INFO:CONSOLE:883] "[vite] hot updated: /src/gallery/PublishButton.tsx", source: http://localhost:5173/@vite/client (883)
[0920/184147.994:INFO:CONSOLE:883] "[vite] hot updated: /src/ui/App.tsx", source: http://localhost:5173/@vite/client (883)
[0920/184147.999:INFO:CONSOLE:883] "[vite] hot updated: /src/ui/App.tsx", source: http://localhost:5173/@vite/client (883)
[0920/184148.000:INFO:CONSOLE:883] "[vite] hot updated: /src/ui/Sequencer.tsx", source: http://localhost:5173/@vite/client (883)
[0920/184148.004:INFO:CONSOLE:883] "[vite] hot updated: /src/ui/App.tsx", source: http://localhost:5173/@vite/client (883)
[0920/184148.011:INFO:CONSOLE:883] "[vite] hot updated: /src/ui/Inspector.tsx", source: http://localhost:5173/@vite/client (883)
[0920/184148.011:INFO:CONSOLE:883] "[vite] hot updated: /src/ui/FloatingPlugin.tsx", source: http://localhost:5173/@vite/client (883)
[0920/184148.020:INFO:CONSOLE:883] "[vite] hot updated: /src/ui/PatternBar.tsx", source: http://localhost:5173/@vite/client (883)
[0920/184148.336:INFO:CONSOLE:89] "[curated] failed to load factory.hat.open.short.wav: TypeError: Failed to fetch", source: http://localhost:5173/src/sample-library/curated.ts (89)
[0920/184148.336:INFO:CONSOLE:89] "[curated] failed to load factory.hat.closed.soft.wav: TypeError: Failed to fetch", source: http://localhost:5173/src/sample-library/curated.ts (89)
[0920/184148.336:INFO:CONSOLE:89] "[curated] failed to load factory.hat.closed.wav: TypeError: Failed to fetch", source: http://localhost:5173/src/sample-library/curated.ts (89)
[0920/184148.336:INFO:CONSOLE:89] "[curated] failed to load factory.hat.open.wav: TypeError: Failed to fetch", source: http://localhost:5173/src/sample-library/curated.ts (89)
[0920/184148.406:INFO:CONSOLE:789] "[vite] connecting...", source: http://localhost:5173/@vite/client (789)
[0920/184148.429:INFO:CONSOLE:912] "[vite] connected.", source: http://localhost:5173/@vite/client (912)
[0920/184148.730:INFO:CONSOLE:21609] "%cDownload the React DevTools for a better development experience: https://reactjs.org/link/react-devtools font-weight:bold", source: http://localhost:5173/node_modules/.vite/deps/chunk-5N3W7BEQ.js?v=286c378e (21609)
