
[1m[7m[36m RUN [39m[27m[22m [36mv2.1.9 [39m[90mD:/pulse-forge[39m

 [31mÔŁ»[39m tests/reference/golden.test.ts [2m([22m[2m2 tests[22m[2m | [22m[31m2 failed[39m[2m)[22m[33m 591[2mms[22m[39m
[31m   [31m├Ś[31m reference/golden[2m > [22m120 BPM click track ÔÇö canonical rhythm snapshot[90m 228[2mms[22m[31m[39m
[31m     Ôćĺ Snapshot `reference/golden > 120 BPM click track ÔÇö canonical rhythm snapshot 1` mismatched[39m
[31m   [31m├Ś[31m reference/golden[2m > [22mC sustained-note track ÔÇö canonical tonal snapshot (major/minor interchangeable on synthetic fixtures)[33m 360[2mms[22m[31m[39m
[31m     Ôćĺ Snapshot `reference/golden > C sustained-note track ÔÇö canonical tonal snapshot (major/minor interchangeable on synthetic fixtures) 1` mismatched[39m
 [32mÔťô[39m tests/reference/determinism.test.ts [2m([22m[2m4 tests[22m[2m)[22m[33m 1562[2mms[22m[39m
   [33m[2mÔťô[22m[39m reference/determinism[2m > [22mdouble-run deep-equals on a periodic click track [33m476[2mms[22m[39m
   [33m[2mÔťô[22m[39m reference/determinism[2m > [22mdouble-run deep-equals on a tonal track [33m509[2mms[22m[39m
   [33m[2mÔťô[22m[39m reference/determinism[2m > [22mpreserves determinism across option overrides [33m471[2mms[22m[39m
 [32mÔťô[39m tests/reference/key-chroma.test.ts [2m([22m[2m6 tests[22m[2m)[22m[33m 2134[2mms[22m[39m
   [33m[2mÔťô[22m[39m reference/key-chroma[2m > [22mdetects C (major or minor) as top-3 tonic [33m482[2mms[22m[39m
   [33m[2mÔťô[22m[39m reference/key-chroma[2m > [22mdetects A (major or minor) as top-3 tonic [33m405[2mms[22m[39m
   [33m[2mÔťô[22m[39m reference/key-chroma[2m > [22mdetects G (major or minor) as top-3 tonic [33m493[2mms[22m[39m
   [33m[2mÔťô[22m[39m reference/key-chroma[2m > [22mdetects E (major or minor) as top-3 tonic [33m355[2mms[22m[39m
   [33m[2mÔťô[22m[39m reference/key-chroma[2m > [22mdetects F# (major or minor) as top-3 tonic [33m396[2mms[22m[39m
 [32mÔťô[39m tests/reference/beat-grid.test.ts [2m([22m[2m9 tests[22m[2m)[22m[33m 2285[2mms[22m[39m
 [32mÔťô[39m tests/reference/structure.test.ts [2m([22m[2m20 tests[22m[2m)[22m[33m 2325[2mms[22m[39m
   [33m[2mÔťô[22m[39m F2 end-to-end through analyzeReference[2m > [22mattaches a structure block to the result [33m460[2mms[22m[39m
   [33m[2mÔťô[22m[39m F2 end-to-end through analyzeReference[2m > [22mis deterministic end to end [33m833[2mms[22m[39m
   [33m[2mÔťô[22m[39m F2 end-to-end through analyzeReference[2m > [22memits a 'structure' stage so the UI can show it [33m460[2mms[22m[39m
 [32mÔťô[39m tests/reference/apply.test.ts [2m([22m[2m20 tests[22m[2m)[22m[33m 1725[2mms[22m[39m
 [32mÔťô[39m tests/reference/edge-cases.test.ts [2m([22m[2m6 tests[22m[2m)[22m[33m 6380[2mms[22m[39m
   [33m[2mÔťô[22m[39m reference/edge-cases[2m > [22mtonal signal can succeed independently when rhythm has no onsets (regression for ┬žC) [33m314[2mms[22m[39m
   [33m[2mÔťô[22m[39m reference/edge-cases[2m > [22mlong signal (>180 s) is cap-trimmed for tonal analysis without dropping rhythm [33m5786[2mms[22m[39m
 [32mÔťô[39m tests/reference/property-fuzz.test.ts [2m([22m[2m7 tests[22m[2m)[22m[33m 8493[2mms[22m[39m
   [33m[2mÔťô[22m[39m reference property fuzz ÔÇö invariants hold for every input[2m > [22mholds across 160 seeded random signals ├Ś option combinations [33m7741[2mms[22m[39m
   [33m[2mÔťô[22m[39m reference property fuzz ÔÇö explicit boundaries[2m > [22mis deterministic under repeated calls with the same options [33m511[2mms[22m[39m

ÔÄ»ÔÄ»ÔÄ»ÔÄ»ÔÄ»ÔÄ»ÔÄ» Failed Tests 2 ÔÄ»ÔÄ»ÔÄ»ÔÄ»ÔÄ»ÔÄ»ÔÄ»

 FAIL  tests/reference/golden.test.ts > reference/golden > 120 BPM click track ÔÇö canonical rhythm snapshot
Error: Snapshot `reference/golden > 120 BPM click track ÔÇö canonical rhythm snapshot 1` mismatched

- Expected
+ Received

@@ -73,10 +73,126 @@
      "confidence": 0.6522240043954488,
      "localBpms": [],
      "stability": "unknown",
      "warning": null,
    },
+   "structure": {
+     "averageEnergy": 0.0903,
+     "energyCurve": [
+       {
+         "energy": 0.012601573060811753,
+         "position": 0.03125,
+       },
+       {
+         "energy": 0.13002757473218726,
+         "position": 0.09375,
+       },
+       {
+         "energy": 0.13029357457516208,
+         "position": 0.15625,
+       },
+       {
+         "energy": 0.08846836495758659,
+         "position": 0.21875,
+       },
+       {
+         "energy": 0.04159985190576308,
+         "position": 0.28125,
+       },
+       {
+         "energy": 0.1302452391790808,
+         "position": 0.34375,
+       },
+       {
+         "energy": 0.13012621645631267,
+         "position": 0.40625,
+       },
+       {
+         "energy": 0.049397197222878525,
+         "position": 0.46875,
+       },
+       {
+         "energy": 0.08078634893118634,
+         "position": 0.53125,
+       },
+       {
+         "energy": 0.13019117464637747,
+         "position": 0.59375,
+       },
+       {
+         "energy": 0.13011880850131105,
+         "position": 0.65625,
+       },
+       {
+         "energy": 0.01743551261902658,
+         "position": 0.71875,
+       },
+       {
+         "energy": 0.11281628659454658,
+         "position": 0.78125,
+       },
+       {
+         "energy": 0.13006235500104762,
+         "position": 0.84375,
+       },
+       {
+         "energy": 0.13029799282630009,
+         "position": 0.90625,
+       },
+       {
+         "energy": 1.8836222813353875e-9,
+         "position": 0.96875,
+       },
+     ],
+     "sections": [
+       {
+         "endBeat": 3,
+         "endSec": 1.934273,
+         "energy": 0.0126,
+         "markerType": "buildup",
+         "role": "intro",
+         "startBeat": 0,
+         "startSec": 0.435647,
+       },
+       {
+         "endBeat": 8,
+         "endSec": 4.431984,
+         "energy": 0.1085,
+         "markerType": "custom",
+         "role": "development",
+         "startBeat": 3,
+         "startSec": 1.934273,
+       },
+       {
+         "endBeat": 9,
+         "endSec": 4.931526,
+         "energy": 0.0174,
+         "markerType": "cue",
+         "role": "breakdown",
+         "startBeat": 8,
+         "startSec": 4.431984,
+       },
+       {
+         "endBeat": 11,
+         "endSec": 5.93061,
+         "energy": 0.1244,
+         "markerType": "custom",
+         "role": "development",
+         "startBeat": 9,
+         "startSec": 4.931526,
+       },
+       {
+         "endBeat": 11,
+         "endSec": 6.43015208642078,
+         "energy": 0,
+         "markerType": "impact",
+         "role": "outro",
+         "startBeat": 11,
+         "startSec": 5.93061,
+       },
+     ],
+   },
    "tonal": {
      "camelot": "8B",
      "candidates": [
        {
          "confidence": 0.718399216074665,

 ÔŁ» tests/reference/golden.test.ts:38:42
     36|       metadata: makeMetadata(6),
     37|     });
     38|     expect(stripVolatile(result.result)).toMatchSnapshot();
       |                                          ^
     39|     // Engine + schema version is part of the golden contract.
     40|     expect(result.result.diagnostics.engineVersion).toBe("kyx-referencÔÇŽ

ÔÄ»ÔÄ»ÔÄ»ÔÄ»ÔÄ»ÔÄ»ÔÄ»ÔÄ»ÔÄ»ÔÄ»ÔÄ»ÔÄ»ÔÄ»ÔÄ»ÔÄ»ÔÄ»ÔÄ»ÔÄ»ÔÄ»ÔÄ»ÔÄ»ÔÄ»ÔÄ»ÔÄ»[1/2]ÔÄ»

 FAIL  tests/reference/golden.test.ts > reference/golden > C sustained-note track ÔÇö canonical tonal snapshot (major/minor interchangeable on synthetic fixtures)
Error: Snapshot `reference/golden > C sustained-note track ÔÇö canonical tonal snapshot (major/minor interchangeable on synthetic fixtures) 1` mismatched

- Expected
+ Received

@@ -79,10 +79,80 @@
      "confidence": 0.5747009906651706,
      "localBpms": [],
      "stability": "unknown",
      "warning": null,
    },
+   "structure": {
+     "averageEnergy": 1,
+     "energyCurve": [
+       {
+         "energy": 0.9999665441419967,
+         "position": 0.03125,
+       },
+       {
+         "energy": 0.999966854433505,
+         "position": 0.09375,
+       },
+       {
+         "energy": 0.9999663337748724,
+         "position": 0.15625,
+       },
+       {
+         "energy": 0.9999666153889756,
+         "position": 0.21875,
+       },
+       {
+         "energy": 0.9999671000271996,
+         "position": 0.28125,
+       },
+       {
+         "energy": 0.9999659473741264,
+         "position": 0.34375,
+       },
+       {
+         "energy": 0.9999672473834164,
+         "position": 0.40625,
+       },
+       {
+         "energy": 0.9999661078286735,
+         "position": 0.46875,
+       },
+       {
+         "energy": 0.999966870806418,
+         "position": 0.53125,
+       },
+       {
+         "energy": 0.9999660849065953,
+         "position": 0.59375,
+       },
+       {
+         "energy": 0.9999674012887982,
+         "position": 0.65625,
+       },
+       {
+         "energy": 0.9999656559362754,
+         "position": 0.71875,
+       },
+       {
+         "energy": 0.9999675748416758,
+         "position": 0.78125,
+       },
+       {
+         "energy": 0.9999659866691174,
+         "position": 0.84375,
+       },
+       {
+         "energy": 0.9999669101014091,
+         "position": 0.90625,
+       },
+       {
+         "energy": 0.9999662748323858,
+         "position": 0.96875,
+       },
+     ],
+     "sections": [],
+   },
    "tonal": {
      "camelot": "5A",
      "candidates": [
        {
          "confidence": 0.4235272654084798,

 ÔŁ» tests/reference/golden.test.ts:50:42
     48|       metadata: makeMetadata(12),
     49|     });
     50|     expect(stripVolatile(result.result)).toMatchSnapshot();
       |                                          ^
     51|     expect(result.result.tonal.tonic).toBe("C");
     52|     // Mode is intentionally NOT pinned ÔÇö Hann-window leakage on synthÔÇŽ

ÔÄ»ÔÄ»ÔÄ»ÔÄ»ÔÄ»ÔÄ»ÔÄ»ÔÄ»ÔÄ»ÔÄ»ÔÄ»ÔÄ»ÔÄ»ÔÄ»ÔÄ»ÔÄ»ÔÄ»ÔÄ»ÔÄ»ÔÄ»ÔÄ»ÔÄ»ÔÄ»ÔÄ»[2/2]ÔÄ»

[2m  Snapshots [22m [1m[31m2 failed[39m[22m
[2m Test Files [22m [1m[31m1 failed[39m[22m[2m | [22m[1m[32m7 passed[39m[22m[90m (8)[39m
[2m      Tests [22m [1m[31m2 failed[39m[22m[2m | [22m[1m[32m72 passed[39m[22m[90m (74)[39m
[2m   Start at [22m 03:39:27
[2m   Duration [22m 15.73s[2m (transform 3.73s, setup 8.12s, collect 7.36s, tests 25.49s, environment 32.77s, prepare 3.14s)[22m

