
[1m[7m[36m RUN [39m[27m[22m [36mv2.1.9 [39m[90mD:/pulse-forge[39m

 [32mÔťô[39m tests/shared/ids.test.ts [2m([22m[2m13 tests[22m[2m)[22m[90m 147[2mms[22m[39m
 [32mÔťô[39m tests/shared-json-equal.test.ts [2m([22m[2m15 tests[22m[2m)[22m[90m 12[2mms[22m[39m
 [32mÔťô[39m tests/reference-embedding.test.ts [2m([22m[2m11 tests[22m[2m)[22m[90m 40[2mms[22m[39m
 [32mÔťô[39m tests/reference-dsp-edge.test.ts [2m([22m[2m16 tests[22m[2m)[22m[90m 151[2mms[22m[39m
 [32mÔťô[39m tests/shared-data.test.ts [2m([22m[2m10 tests[22m[2m)[22m[90m 43[2mms[22m[39m
 [32mÔťô[39m tests/reference/golden.test.ts [2m([22m[2m2 tests[22m[2m)[22m[33m 864[2mms[22m[39m
   [33m[2mÔťô[22m[39m reference/golden[2m > [22m120 BPM click track ÔÇö canonical rhythm snapshot [33m323[2mms[22m[39m
   [33m[2mÔťô[22m[39m reference/golden[2m > [22mC sustained-note track ÔÇö canonical tonal snapshot (major/minor interchangeable on synthetic fixtures) [33m535[2mms[22m[39m
 [32mÔťô[39m tests/reference/determinism.test.ts [2m([22m[2m4 tests[22m[2m)[22m[33m 1766[2mms[22m[39m
   [33m[2mÔťô[22m[39m reference/determinism[2m > [22mdouble-run deep-equals on a periodic click track [33m671[2mms[22m[39m
   [33m[2mÔťô[22m[39m reference/determinism[2m > [22mdouble-run deep-equals on a tonal track [33m618[2mms[22m[39m
   [33m[2mÔťô[22m[39m reference/determinism[2m > [22mpreserves determinism across option overrides [33m367[2mms[22m[39m
 [32mÔťô[39m tests/reference/key-chroma.test.ts [2m([22m[2m6 tests[22m[2m)[22m[33m 2154[2mms[22m[39m
   [33m[2mÔťô[22m[39m reference/key-chroma[2m > [22mdetects C (major or minor) as top-3 tonic [33m537[2mms[22m[39m
   [33m[2mÔťô[22m[39m reference/key-chroma[2m > [22mdetects A (major or minor) as top-3 tonic [33m495[2mms[22m[39m
   [33m[2mÔťô[22m[39m reference/key-chroma[2m > [22mdetects G (major or minor) as top-3 tonic [33m403[2mms[22m[39m
   [33m[2mÔťô[22m[39m reference/key-chroma[2m > [22mdetects E (major or minor) as top-3 tonic [33m342[2mms[22m[39m
   [33m[2mÔťô[22m[39m reference/key-chroma[2m > [22mdetects F# (major or minor) as top-3 tonic [33m373[2mms[22m[39m
 [32mÔťô[39m tests/reference/beat-grid.test.ts [2m([22m[2m9 tests[22m[2m)[22m[33m 2593[2mms[22m[39m
   [33m[2mÔťô[22m[39m reference/beat-grid[2m > [22mdetects click track at 60 BPM within ┬▒1 [33m457[2mms[22m[39m
   [33m[2mÔťô[22m[39m reference/beat-grid[2m > [22mdetects click track at 100 BPM within ┬▒1 [33m437[2mms[22m[39m
stderr | tests/services-save-drain.test.ts > autosave failure drain (services level, GOAL 08) > failed write Ôćĺ error status Ôćĺ queued newer revision drained to SAVED
[services] frozen-audio restore failed: TypeError: repo.referencedFrozenBufferIds is not a function
    at D:\pulse-forge\src\services.ts:853:37
    at processTicksAndRejections (node:internal/process/task_queues:105:5)

stderr | tests/services-save-drain.test.ts > autosave failure drain (services level, GOAL 08) > persistent save failure keeps status on error and never reports saved
[services] frozen-audio restore failed: TypeError: repo.referencedFrozenBufferIds is not a function
    at D:\pulse-forge\src\services.ts:853:37

 [32mÔťô[39m tests/services-save-drain.test.ts [2m([22m[2m2 tests[22m[2m)[22m[90m 126[2mms[22m[39m
stderr | tests/services/wiring.test.ts > openProject ÔÇö scheduler wiring > still opens the project when the frozen-audio restore throws
[services] frozen-audio restore failed: Error: IndexedDB unavailable
    at Object.<anonymous> (D:\pulse-forge\tests\services\wiring.test.ts:321:15)
    at Object.mockCall (file:///D:/pulse-forge/node_modules/@vitest/spy/dist/index.js:61:17)
    at Object.spy [as referencedFrozenBufferIds] (file:///D:/pulse-forge/node_modules/tinyspy/dist/index.js:45:80)
    at D:\pulse-forge\src\services.ts:853:37

 [32mÔťô[39m tests/services/wiring.test.ts [2m([22m[2m14 tests[22m[2m)[22m[90m 230[2mms[22m[39m
 [32mÔťô[39m tests/services-close-race.test.ts [2m([22m[2m7 tests[22m[2m)[22m[33m 354[2mms[22m[39m
 [32mÔťô[39m tests/reference/edge-cases.test.ts [2m([22m[2m6 tests[22m[2m)[22m[33m 6530[2mms[22m[39m
   [33m[2mÔťô[22m[39m reference/edge-cases[2m > [22mdrone (sustained tone, no onsets) ÔÇö tonal succeeds, rhythm is honest [33m313[2mms[22m[39m
   [33m[2mÔťô[22m[39m reference/edge-cases[2m > [22mtonal signal can succeed independently when rhythm has no onsets (regression for ┬žC) [33m502[2mms[22m[39m
   [33m[2mÔťô[22m[39m reference/edge-cases[2m > [22mlong signal (>180 s) is cap-trimmed for tonal analysis without dropping rhythm [33m5689[2mms[22m[39m
 [32mÔťô[39m tests/reference/property-fuzz.test.ts [2m([22m[2m7 tests[22m[2m)[22m[33m 8553[2mms[22m[39m
   [33m[2mÔťô[22m[39m reference property fuzz ÔÇö invariants hold for every input[2m > [22mholds across 160 seeded random signals ├Ś option combinations [33m7812[2mms[22m[39m
   [33m[2mÔťô[22m[39m reference property fuzz ÔÇö explicit boundaries[2m > [22mis deterministic under repeated calls with the same options [33m462[2mms[22m[39m

[2m Test Files [22m [1m[32m14 passed[39m[22m[90m (14)[39m
[2m      Tests [22m [1m[32m122 passed[39m[22m[90m (122)[39m
[2m   Start at [22m 21:43:22
[2m   Duration [22m 19.85s[2m (transform 8.41s, setup 26.05s, collect 27.79s, tests 23.56s, environment 101.08s, prepare 4.72s)[22m

