
[1m[7m[36m RUN [39m[27m[22m [36mv2.1.9 [39m[90mD:/pulse-forge[39m

 [31mÔŁ»[39m tests/audio-engine-lifecycle.test.ts [2m([22m[2m14 tests[22m[2m | [22m[31m4 failed[39m[2m)[22m[90m 22[2mms[22m[39m
[31m   [31m├Ś[31m AudioEngine ÔÇö lifecycle hardening (source-grep)[2m > [22museContext() and ensureContext() register an onstatechange observer[90m 6[2mms[22m[31m[39m
[31m     Ôćĺ expected 'ensureContext()` either recurses on tÔÇŽ' to match /onstatechange\s*=|this\.useContext\(cÔÇŽ/[39m
[31m   [31m├Ś[31m AudioEngine ÔÇö lifecycle hardening (source-grep)[2m > [22museContext() registers oncontextlost and oncontextrestored (GOAL 04 mobile-audio lifecycle)[90m 2[2mms[22m[31m[39m
[31m     Ôćĺ expected 'useContext(ctx: BaseAudioContext): voÔÇŽ' to match /oncontextlost[\s\S]{0,200}this\.ctx\sÔÇŽ/[39m
[31m   [31m├Ś[31m AudioEngine ÔÇö lifecycle hardening (source-grep)[2m > [22mensureContext() swallows a rejected resume() (recovery-path hardening)[90m 1[2mms[22m[31m[39m
[31m     Ôćĺ ensureContext() must catch a rejected resume(): expected 'ensureContext()` either recurses on tÔÇŽ' to match /ctx\.resume\(\)\.catch\(\(\)\s*=>\s*\ÔÇŽ/[39m
[31m   [31m├Ś[31m AudioEngine ÔÇö lifecycle hardening (source-grep)[2m > [22mensureContext() replaces a closed realtime context before resuming it[90m 1[2mms[22m[31m[39m
[31m     Ôćĺ closed-context recovery must rebuild through useContext(): expected 'ensureContext()` either recurses on tÔÇŽ' to match /this\.useContext\(ctx\)/[39m

ÔÄ»ÔÄ»ÔÄ»ÔÄ»ÔÄ»ÔÄ»ÔÄ» Failed Tests 4 ÔÄ»ÔÄ»ÔÄ»ÔÄ»ÔÄ»ÔÄ»ÔÄ»

 FAIL  tests/audio-engine-lifecycle.test.ts > AudioEngine ÔÇö lifecycle hardening (source-grep) > useContext() and ensureContext() register an onstatechange observer
AssertionError: expected 'ensureContext()` either recurses on tÔÇŽ' to match /onstatechange\s*=|this\.useContext\(cÔÇŽ/

- Expected: 
/onstatechange\s*=|this\.useContext\(ctx\)/

+ Received: 
"ensureContext()` either recurses on the
    // same broken handle or no-ops until the user reloads. With the handler:
    //   - contextlost: clear `this.ctx` so the next ensureContext() rebuilds
    //     against a fresh AudioContext.
    //   - contextrestored: rebuild the graph against the SAME restored
    //     context (no new AudioContext needed ÔÇö the browser kept it alive).
    // `preventDefault()` on contextlost is required for contextrestored to
    // fire. Feature-detect with `typeof ... !== \"undefined\"` ÔÇö the property
    // is missing entirely on Safari < 16.4 and Firefox.
    if (typeof (ctx as AudioContext).oncontextlost !== \"undefined\") {
      (ctx as AudioContext).oncontextlost = (event: Event) => {
        event.preventDefault();
        if (this.ctx !== ctx) return;
        // Drop the handle; ensureContext() detects state === \"closed\" and
        // constructs a fresh context on the next call.
        this.ctx = null;
      };
    }"

 ÔŁ» tests/audio-engine-lifecycle.test.ts:92:27
     90|     // may satisfy this contract by delegating instead of duplicating ÔÇŽ
     91|     // lifecycle observer implementation.
     92|     expect(ensureContext).toMatch(/onstatechange\s*=|this\.useContext\ÔÇŽ
       |                           ^
     93|     // The observer must short-circuit when the engine has been re-bouÔÇŽ
     94|     // to a different context in the meantime, otherwise a stale conteÔÇŽ

ÔÄ»ÔÄ»ÔÄ»ÔÄ»ÔÄ»ÔÄ»ÔÄ»ÔÄ»ÔÄ»ÔÄ»ÔÄ»ÔÄ»ÔÄ»ÔÄ»ÔÄ»ÔÄ»ÔÄ»ÔÄ»ÔÄ»ÔÄ»ÔÄ»ÔÄ»ÔÄ»ÔÄ»[1/4]ÔÄ»

 FAIL  tests/audio-engine-lifecycle.test.ts > AudioEngine ÔÇö lifecycle hardening (source-grep) > useContext() registers oncontextlost and oncontextrestored (GOAL 04 mobile-audio lifecycle)
AssertionError: expected 'useContext(ctx: BaseAudioContext): voÔÇŽ' to match /oncontextlost[\s\S]{0,200}this\.ctx\sÔÇŽ/

- Expected: 
/oncontextlost[\s\S]{0,200}this\.ctx\s*=\s*null/

+ Received: 
"useContext(ctx: BaseAudioContext): void {
    this.cancelEffectIntentPreview(this.doc ?? undefined, \"manual\");
    const previousContext = this.ctx;
    if (previousContext && previousContext !== ctx) {
      try {
        previousContext.onstatechange = null;
      } catch {
        /* host context may not expose a writable lifecycle hook */
      }
    }
    // Defect 1.1 (lifecycle audit): the previous context's per-track,
    // per-return and per-group EffectRuntimes, plus the LFO/follower
    // state and the AudioWorkletNode-side onLatencyChange subs, are
    // only disposed when a track id disappears from the doc ÔÇö not when
    // the context itself is swapped. useContext() is the only path that
    // fully discards the engine's prior graph state, so it must also
    // dispose every runtime the old context owned.
    for (const id of [...this.trackNodes.keys()]) {
      const nodes = this.trackNodes.get(id);
      if (nodes) this.disposeTrackNodes(id, nodes);
    }
    for (const id of [...this.returnNodes.keys()]) {
      const nodes = this.returnNodes.get(id);
      if (nodes) this.disposeReturnNodes(id, nodes);
    }
    for (const id of [...this.groupNodes.keys()]) {
      const nodes = this.groupNodes.get(id);
      if (nodes) this.disposeGroupNodes(id, nodes);
    }
    for (const state of [...this.lfos.values()]) disposeLfoRuntime(state);
    this.lfos.clear();
    // Defect A04.D1 (web audio graph lifecycle audit): voices, preview
    // voices, frozen-track sources, frozen bookkeeping, and instrument
    // runtimes all carry AudioNodes (or AudioWorkletNodes for some
    // instruments) that were created against the OLD context. Leaving
    // them in their Maps means (a) every node still references the old
    // context (memory leak until the context is GC'd), and (b) their
    // `onended` callbacks ÔÇö which mutate the same Maps ÔÇö fire after
    // the new context is in place and can delete a fresh voice from a
    // matching Set. Stop the live sources first (so onended doesn't
    // race the clear), then disconnect, then clear the Maps.
    for (const voice of this.voices) {
      try {
        voice.source.stop();
      } catch {
        /* already stopped */
      }
      try {
        voice.gain.disconnect();
      } catch {
        /* already */
      }
    }
    this.voices.clear();
    this.stopOneShotSources();
    for (const voice of this.instrumentPreviewVoices) {
      if (voice.timer) clearTimeout(voice.timer);
      try {
        voice.runtime.panic();
      } catch {
        /* already stopped */
      }
      try {
        voice.runtime.dispose();
      } catch {
        /* already disposed */
      }
      try {
        voice.gain.disconnect();
      } catch {
        /* already disconnected */
      }
    }
    this.instrumentPreviewVoices.clear();
    for (const voice of this.previewVoices) {
      try {
        voice.source.stop();
      } catch {
        /* already stopped */
      }
      try {
        voice.gain.disconnect();
      } catch {
        /* already */
      }
    }
    this.previewVoices.clear();
    for (const source of this.frozenBuffers.values()) {
      try {
        source.stop();
      } catch {
        /* already stopped */
      }
      try {
        source.disconnect();
      } catch {
        /* already disconnected */
      }
    }
    this.frozenBuffers.clear();
    this.frozenBufferIds.clear();
    this.frozenPlaying = false;
    this.frozenAlign = null;
    // Instrument runtimes own their own voices + AudioWorkletNodes. `panic()`
    // only silences voices; `dispose()` also disconnects the runtime output
    // and releases worklet-side subscriptions. Both are idempotent in the
    // built-in runtimes, and the defensive catch keeps third-party runtimes
    // from preventing the context swap.
    for (const state of this.instruments.values()) {
      try {
        state.runtime.panic();
      } catch {
        /* already stopped */
      }
      try {
        state.runtime.dispose();
      } catch {
        /* already disposed */
      }
      try {
        state.normGain.disconnect();
      } catch {
        /* already disconnected */
      }
    }
    this.instruments.clear();
    // These are AudioBuffer / AudioNode caches, not value caches. They belong
    // to the context that created them and must never survive a swap, even if
    // the sample rate happens to be identical.
    this.synthNoise = null;
    this.stretchCache.clear();
    this.stretchProjectId = null;
    this.macroCache.clear();
    this.syncedBpm = 0;
    this.ctx = ctx;
    this.buildMaster();
    if (this.doc) this.syncProject(this.doc);
    this.queueWorkletRefresh(ctx);
    // Defect 1.2 (lifecycle audit): Chrome / iOS Safari / Firefox
    // suspend the AudioContext on tab-switch, screen lock, OS sleep and
    // any time the page loses user-activation focus. Without an
    // onstatechange handler the engine never learns the context woke
    // back up ÔÇö playback silently resumes only when the user clicks
    // somewhere. Re-queueing the worklet refresh on `running` re-builds
    // any FX chains that were created against a different processor
    // state (rare but documented in queueWorkletRefresh).
    if (typeof (ctx as AudioContext).onstatechange !== \"undefined\") {
      (ctx as AudioContext).onstatechange = () => {
        if (ctx.state === \"running\" && this.ctx === ctx) {
          this.queueWorkletRefresh(ctx);
        }
      };
    }
    // GOAL 04 (browser-audio lifecycle): iOS Safari / mobile Chrome can fire
    // `contextlost` when an audio session is interrupted (call, Siri, route
    // change). Without a handler the engine keeps a reference to the dead
    // context and every subsequent `ensureContext()` either recurses on the
    // same broken handle or no-ops until the user reloads. With the handler:
    //   - contextlost: clear `this.ctx` so the next ensureContext() rebuilds
    //     against a fresh AudioContext.
    //   - contextrestored: rebuild the graph against the SAME restored
    //     context (no new AudioContext needed ÔÇö the browser kept it alive).
    // `preventDefault()` on contextlost is required for contextrestored to
    // fire. Feature-detect with `typeof ... !== \"undefined\"` ÔÇö the property
    // is missing entirely on Safari < 16.4 and Firefox.
    if (typeof (ctx as AudioContext).oncontextlost !== \"undefined\") {
      (ctx as AudioContext).oncontextlost = (event: Event) => {
        event.preventDefault();
        if (this.ctx !== ctx) return;
        // Drop the handle; ensureContext() detects state === \"closed\" and
        // constructs a fresh context on the next call.
        this.ctx = null;
      };
    }
    if (typeof (ctx as AudioContext).oncontextrestored !== \"undefined\") {
      (ctx as AudioContext).oncontextrestored = () => {
        if (this.ctx !== ctx) return;
        // The browser kept the SAME context alive (see preventDefault above) ÔÇö
        // rebuild the engine's graph against the restored handle rather than
        // allocating a new AudioContext.
        this.useContext(ctx);
      };
    }
  }"

 ÔŁ» tests/audio-engine-lifecycle.test.ts:122:24
    120|     // contextlost must clear this.ctx so the next ensureContext() rebÔÇŽ
    121|     // against a fresh context rather than recursing on the broken hanÔÇŽ
    122|     expect(useContext).toMatch(/oncontextlost[\s\S]{0,200}this\.ctx\s*ÔÇŽ
       |                        ^
    123|     // contextrestored must call useContext(ctx) to rebuild against thÔÇŽ
    124|     // restored context ÔÇö the browser kept the AudioContext alive, allÔÇŽ

ÔÄ»ÔÄ»ÔÄ»ÔÄ»ÔÄ»ÔÄ»ÔÄ»ÔÄ»ÔÄ»ÔÄ»ÔÄ»ÔÄ»ÔÄ»ÔÄ»ÔÄ»ÔÄ»ÔÄ»ÔÄ»ÔÄ»ÔÄ»ÔÄ»ÔÄ»ÔÄ»ÔÄ»[2/4]ÔÄ»

 FAIL  tests/audio-engine-lifecycle.test.ts > AudioEngine ÔÇö lifecycle hardening (source-grep) > ensureContext() swallows a rejected resume() (recovery-path hardening)
AssertionError: ensureContext() must catch a rejected resume(): expected 'ensureContext()` either recurses on tÔÇŽ' to match /ctx\.resume\(\)\.catch\(\(\)\s*=>\s*\ÔÇŽ/

- Expected: 
/ctx\.resume\(\)\.catch\(\(\)\s*=>\s*\{\}\)/

+ Received: 
"ensureContext()` either recurses on the
    // same broken handle or no-ops until the user reloads. With the handler:
    //   - contextlost: clear `this.ctx` so the next ensureContext() rebuilds
    //     against a fresh AudioContext.
    //   - contextrestored: rebuild the graph against the SAME restored
    //     context (no new AudioContext needed ÔÇö the browser kept it alive).
    // `preventDefault()` on contextlost is required for contextrestored to
    // fire. Feature-detect with `typeof ... !== \"undefined\"` ÔÇö the property
    // is missing entirely on Safari < 16.4 and Firefox.
    if (typeof (ctx as AudioContext).oncontextlost !== \"undefined\") {
      (ctx as AudioContext).oncontextlost = (event: Event) => {
        event.preventDefault();
        if (this.ctx !== ctx) return;
        // Drop the handle; ensureContext() detects state === \"closed\" and
        // constructs a fresh context on the next call.
        this.ctx = null;
      };
    }"

 ÔŁ» tests/audio-engine-lifecycle.test.ts:205:68
    203|     const body = sliceFunction(readEngine(), /ensureContext\s*\(/);
    204|     expect(body, "ensureContext not found in AudioEngine.ts").not.toBeÔÇŽ
    205|     expect(body, "ensureContext() must catch a rejected resume()").toMÔÇŽ
       |                                                                    ^
    206|       /ctx\.resume\(\)\.catch\(\(\)\s*=>\s*\{\}\)/,
    207|     );

ÔÄ»ÔÄ»ÔÄ»ÔÄ»ÔÄ»ÔÄ»ÔÄ»ÔÄ»ÔÄ»ÔÄ»ÔÄ»ÔÄ»ÔÄ»ÔÄ»ÔÄ»ÔÄ»ÔÄ»ÔÄ»ÔÄ»ÔÄ»ÔÄ»ÔÄ»ÔÄ»ÔÄ»[3/4]ÔÄ»

 FAIL  tests/audio-engine-lifecycle.test.ts > AudioEngine ÔÇö lifecycle hardening (source-grep) > ensureContext() replaces a closed realtime context before resuming it
AssertionError: closed-context recovery must rebuild through useContext(): expected 'ensureContext()` either recurses on tÔÇŽ' to match /this\.useContext\(ctx\)/

- Expected: 
/this\.useContext\(ctx\)/

+ Received: 
"ensureContext()` either recurses on the
    // same broken handle or no-ops until the user reloads. With the handler:
    //   - contextlost: clear `this.ctx` so the next ensureContext() rebuilds
    //     against a fresh AudioContext.
    //   - contextrestored: rebuild the graph against the SAME restored
    //     context (no new AudioContext needed ÔÇö the browser kept it alive).
    // `preventDefault()` on contextlost is required for contextrestored to
    // fire. Feature-detect with `typeof ... !== \"undefined\"` ÔÇö the property
    // is missing entirely on Safari < 16.4 and Firefox.
    if (typeof (ctx as AudioContext).oncontextlost !== \"undefined\") {
      (ctx as AudioContext).oncontextlost = (event: Event) => {
        event.preventDefault();
        if (this.ctx !== ctx) return;
        // Drop the handle; ensureContext() detects state === \"closed\" and
        // constructs a fresh context on the next call.
        this.ctx = null;
      };
    }"

 ÔŁ» tests/audio-engine-lifecycle.test.ts:214:79
    212|     expect(body, "ensureContext not found in AudioEngine.ts").not.toBeÔÇŽ
    213|     expect(body, "ensureContext() must detect a browser-closed contextÔÇŽ
    214|     expect(body, "closed-context recovery must rebuild through useContÔÇŽ
       |                                                                               ^
    215|   });
    216| 

ÔÄ»ÔÄ»ÔÄ»ÔÄ»ÔÄ»ÔÄ»ÔÄ»ÔÄ»ÔÄ»ÔÄ»ÔÄ»ÔÄ»ÔÄ»ÔÄ»ÔÄ»ÔÄ»ÔÄ»ÔÄ»ÔÄ»ÔÄ»ÔÄ»ÔÄ»ÔÄ»ÔÄ»[4/4]ÔÄ»

[2m Test Files [22m [1m[31m1 failed[39m[22m[90m (1)[39m
[2m      Tests [22m [1m[31m4 failed[39m[22m[2m | [22m[1m[32m10 passed[39m[22m[90m (14)[39m
[2m   Start at [22m 17:21:14
[2m   Duration [22m 3.67s[2m (transform 67ms, setup 447ms, collect 21ms, tests 22ms, environment 2.32s, prepare 261ms)[22m

