
> pulse-forge@0.1.0 prebuild
> npm run build:core-worklets && npm run build:fxeq && npm run build:ultina && npm run build:ozvena && npm run build:morph-dynamics


> pulse-forge@0.1.0 build:core-worklets
> node scripts/build-core-worklets.mjs

[core-worklets] bundles written to public/bitcrusher-worklet.js and public/core-worklet.js

> pulse-forge@0.1.0 build:fxeq
> node scripts/build-fxeq-worklet.mjs

[fxeq] worklet bundle written to public/fxeq-worklet.js

> pulse-forge@0.1.0 build:ultina
> node scripts/build-ultina-worklet.mjs

[ultina] worklet bundle written to public/ultina-worklet.js

> pulse-forge@0.1.0 build:ozvena
> node scripts/build-ozvena-worklet.mjs

[ozvena] worklet bundle written to public/ozvena-worklet.js

> pulse-forge@0.1.0 build:morph-dynamics
> node scripts/build-morph-dynamics-worklet.mjs

[morph-dynamics] worklet bundle written to public/morph-dynamics-worklet.js

> pulse-forge@0.1.0 build
> tsc --noEmit && vite build && node scripts/check-bundle-size.mjs

tests/symbolic-prior.test.ts(79,41): error TS2304: Cannot find name 'V3_SEMANTIC_DIMS'.
tests/symbolic-prior.test.ts(89,41): error TS2304: Cannot find name 'doc'.
tests/symbolic-prior.test.ts(96,98): error TS2304: Cannot find name 'doc'.
tests/symbolic-prior.test.ts(98,12): error TS2552: Cannot find name 'runPriorGridV3Mock'. Did you mean 'runPriorGridMock'?
