[resume] house: cached from a previous run
[resume] techno: cached from a previous run
[resume] trap: cached from a previous run
[resume] ambient: cached from a previous run
[resume] drill: cached from a previous run
[resume] phonk: cached from a previous run
[resume] jersey: cached from a previous run
[resume] dnb: cached from a previous run
[resume] hyperpop: cached from a previous run
[resume] ukg: cached from a previous run
[resume] boombap: cached from a previous run
[resume] amapiano: cached from a previous run
[genre-reference] 13/13 genres measured ┬Ě target -14 LUFS
  house      -8.3 LUFS ┬Ě trim  -5.7 dB ┬Ě PLR 7.3 dB ┬Ě tilt 21.8 dB
  techno     -7.5 LUFS ┬Ě trim    -6 dB ┬Ě PLR 6.5 dB ┬Ě tilt 24.4 dB
  trap       -7.7 LUFS ┬Ě trim    -6 dB ┬Ě PLR 6.7 dB ┬Ě tilt 22.7 dB
  ambient    -7.3 LUFS ┬Ě trim    -6 dB ┬Ě PLR 6.3 dB ┬Ě tilt 27.8 dB
  drill      -9.1 LUFS ┬Ě trim  -4.9 dB ┬Ě PLR 8.1 dB ┬Ě tilt 21.4 dB
  phonk     -10.3 LUFS ┬Ě trim  -3.7 dB ┬Ě PLR 9.3 dB ┬Ě tilt 20.6 dB
  jersey    -11.8 LUFS ┬Ě trim  -2.2 dB ┬Ě PLR 10.8 dB ┬Ě tilt 14.9 dB
  dnb       -12.8 LUFS ┬Ě trim  -1.2 dB ┬Ě PLR 11.8 dB ┬Ě tilt 13.8 dB
  hyperpop  -11.7 LUFS ┬Ě trim  -2.3 dB ┬Ě PLR 10.7 dB ┬Ě tilt 17.7 dB
  ukg       -10.0 LUFS ┬Ě trim    -4 dB ┬Ě PLR 9.0 dB ┬Ě tilt 24.0 dB
  boombap    -9.9 LUFS ┬Ě trim  -4.1 dB ┬Ě PLR 8.9 dB ┬Ě tilt 24.1 dB
  amapiano  -10.0 LUFS ┬Ě trim    -4 dB ┬Ě PLR 9.0 dB ┬Ě tilt 28.3 dB
  trance    -10.2 LUFS ┬Ě trim  -3.8 dB ┬Ě PLR 9.2 dB ┬Ě tilt 22.3 dB
[genre-reference] wrote src\intent\genre-reference.generated.ts
