
[1m[7m[36m RUN [39m[27m[22m [36mv2.1.9 [39m[90mD:/pulse-forge[39m

 [31mÔŁ»[39m tests/sound-quality-pass.test.ts [2m([22m[2m33 tests[22m[2m | [22m[31m2 failed[39m[2m)[22m[33m 425[2mms[22m[39m
[31m   [31m├Ś[31m genre song references ÔÇö per-genre loudness trim (sound-quality wave 4)[2m > [22mgenerated table covers every genre with MEASURED, plausible values[90m 11[2mms[22m[31m[39m
[31m     Ôćĺ trance reference missing: expected undefined to be defined[39m
[31m   [31m├Ś[31m genre song references ÔÇö per-genre loudness trim (sound-quality wave 4)[2m > [22mapplySongCommand trims every genre toward the -14 LUFS target (clamped ┬▒6)[90m 10[2mms[22m[31m[39m
[31m     Ôćĺ Cannot read properties of undefined (reading 'integrated')[39m

ÔÄ»ÔÄ»ÔÄ»ÔÄ»ÔÄ»ÔÄ»ÔÄ» Failed Tests 2 ÔÄ»ÔÄ»ÔÄ»ÔÄ»ÔÄ»ÔÄ»ÔÄ»

 FAIL  tests/sound-quality-pass.test.ts > genre song references ÔÇö per-genre loudness trim (sound-quality wave 4) > generated table covers every genre with MEASURED, plausible values
AssertionError: trance reference missing: expected undefined to be defined
 ÔŁ» tests/sound-quality-pass.test.ts:508:49
    506|     for (const genre of GENRES) {
    507|       const ref = GENRE_REFERENCE[genre];
    508|       expect(ref, `${genre} reference missing`).toBeDefined();
       |                                                 ^
    509|       // bars > 0 distinguishes a real measurement run from the placehÔÇŽ
    510|       expect(ref.bars, `${genre} reference not measured (placeholder)`ÔÇŽ

ÔÄ»ÔÄ»ÔÄ»ÔÄ»ÔÄ»ÔÄ»ÔÄ»ÔÄ»ÔÄ»ÔÄ»ÔÄ»ÔÄ»ÔÄ»ÔÄ»ÔÄ»ÔÄ»ÔÄ»ÔÄ»ÔÄ»ÔÄ»ÔÄ»ÔÄ»ÔÄ»ÔÄ»[1/2]ÔÄ»

 FAIL  tests/sound-quality-pass.test.ts > genre song references ÔÇö per-genre loudness trim (sound-quality wave 4) > applySongCommand trims every genre toward the -14 LUFS target (clamped ┬▒6)
TypeError: Cannot read properties of undefined (reading 'integrated')
 ÔŁ» tests/sound-quality-pass.test.ts:523:91
    521|       const expected = Math.max(
    522|         -SONG_LOUDNESS_TRIM_LIMIT_DB,
    523|         Math.min(SONG_LOUDNESS_TRIM_LIMIT_DB, Math.round((SONG_LOUDNESÔÇŽ
       |                                                                                           ^
    524|       );
    525|       const next = applySongCommand(testDoc(), fakeBuild(genre, "a", 1ÔÇŽ

ÔÄ»ÔÄ»ÔÄ»ÔÄ»ÔÄ»ÔÄ»ÔÄ»ÔÄ»ÔÄ»ÔÄ»ÔÄ»ÔÄ»ÔÄ»ÔÄ»ÔÄ»ÔÄ»ÔÄ»ÔÄ»ÔÄ»ÔÄ»ÔÄ»ÔÄ»ÔÄ»ÔÄ»[2/2]ÔÄ»

[2m Test Files [22m [1m[31m1 failed[39m[22m[90m (1)[39m
[2m      Tests [22m [1m[31m2 failed[39m[22m[2m | [22m[1m[32m31 passed[39m[22m[90m (33)[39m
[2m   Start at [22m 15:52:54
[2m   Duration [22m 7.13s[2m (transform 2.03s, setup 505ms, collect 2.93s, tests 425ms, environment 2.12s, prepare 376ms)[22m

