
[1m[7m[36m RUN [39m[27m[22m [36mv2.1.9 [39m[90mD:/pulse-forge[39m

 [32mÔťô[39m tests/intent-artist-signature-seeding.test.ts [2m([22m[2m20 tests[22m[2m)[22m[90m 24[2mms[22m[39m
 [32mÔťô[39m tests/pcm-playback.test.ts [2m([22m[2m9 tests[22m[2m)[22m[33m 1789[2mms[22m[39m
   [33m[2mÔťô[22m[39m pipe Ôćĺ bridge Ôćĺ ring Ôćĺ reader E2E (real host)[2m > [22mdelivers sine-verified samples through the full renderer path [33m1709[2mms[22m[39m
 [31mÔŁ»[39m tests/ai/bridge/compressor.test.ts [2m([22m[2m12 tests[22m[2m | [22m[31m2 failed[39m[2m)[22m[90m 60[2mms[22m[39m
[31m   [31m├Ś[31m AI bridge ÔÇö punchier drums recipe[2m > [22mcompressor params survive normalizeProject (whitelist round-trip)[90m 24[2mms[22m[31m[39m
[31m     Ôćĺ expected 11.8 to be close to 11, received difference is 0.8000000000000007, but expected 0.000005[39m
[31m   [31m├Ś[31m AI bridge ÔÇö punchier drums recipe[2m > [22mtransient params survive normalizeProject and keep their sign[90m 3[2mms[22m[31m[39m
[31m     Ôćĺ X no-recipe-match :: I don't know how to do that yet ÔÇö try rephrasing or pick a recipe from the suggestions.[39m
 [31mÔŁ»[39m tests/symbolic-prior.test.ts [2m([22m[2m14 tests[22m[2m | [22m[31m2 failed[39m[2m)[22m[90m 275[2mms[22m[39m
[31m   [31m├Ś[31m symbolic prior provider[2m > [22mproduces valid, invariant-clean candidates through the shared gates[90m 106[2mms[22m[31m[39m
[31m     Ôćĺ expected 'template' to be 'symbolic-prior' // Object.is equality[39m
[31m   [31m├Ś[31m symbolic prior provider[2m > [22mshrink-to-zero on prior failure ÔÇö never throws[90m 29[2mms[22m[31m[39m
[31m     Ôćĺ expected [ { candidateIndex: 1, ÔÇŽ(7) }, ÔÇŽ(1) ] to deeply equal [][39m

ÔÄ»ÔÄ»ÔÄ»ÔÄ»ÔÄ»ÔÄ»ÔÄ» Failed Tests 4 ÔÄ»ÔÄ»ÔÄ»ÔÄ»ÔÄ»ÔÄ»ÔÄ»

 FAIL  tests/symbolic-prior.test.ts > symbolic prior provider > produces valid, invariant-clean candidates through the shared gates
AssertionError: expected 'template' to be 'symbolic-prior' // Object.is equality

Expected: "symbolic-prior"
Received: "template"

 ÔŁ» tests/symbolic-prior.test.ts:164:28
    162|     expect(entries.length).toBe(2);
    163|     for (const entry of entries) {
    164|       expect(entry.source).toBe("symbolic-prior");
       |                            ^
    165|       expect(entry.status === "accepted" || entry.status === "repairedÔÇŽ
    166|       // rows are complete and shaped for every pad of the drum track

ÔÄ»ÔÄ»ÔÄ»ÔÄ»ÔÄ»ÔÄ»ÔÄ»ÔÄ»ÔÄ»ÔÄ»ÔÄ»ÔÄ»ÔÄ»ÔÄ»ÔÄ»ÔÄ»ÔÄ»ÔÄ»ÔÄ»ÔÄ»ÔÄ»ÔÄ»ÔÄ»ÔÄ»[1/4]ÔÄ»

 FAIL  tests/symbolic-prior.test.ts > symbolic prior provider > shrink-to-zero on prior failure ÔÇö never throws
AssertionError: expected [ { candidateIndex: 1, ÔÇŽ(7) }, ÔÇŽ(1) ] to deeply equal []

- Expected
+ Received

- Array []
+ Array [
+   Object {
+     "candidateIndex": 1,
+     "contentHash": "",
+     "pattern": Object {
+       "generation": Object {
+         "engineId": "pulse-forge.symbolic-prior",
+         "engineVersion": "prior.v2",
+         "genre": "house",
+         "ghostWeight": 0.3,
+         "grooveId": "house.broken",
+         "inputContentHash": null,
+         "intent": Object {
+           "applyGrooveSettings": false,
+           "bpmRange": null,
+           "candidateCount": 1,
+           "complexity": 0.5,
+           "constraints": Object {
+             "allowGhosts": true,
+             "allowSwing": true,
+             "preserveAnchors": true,
+           },
+           "controls": Object {
+             "ghostWeight": 0.3,
+             "microWeight": 0.2,
+             "temperature": 1,
+             "velocityVariation": 0.3,
+           },
+           "density": 0.5,
+           "energy": 0.7,
+           "fx": null,
+           "genre": "house",
+           "key": null,
+           "length": 16,
+           "mood": null,
+           "replaceMode": "new",
+           "roles": Array [
+             "drums",
+             "bass",
+             "chords",
+             "lead",
+           ],
+           "seed": "sym-test",
+           "sourcePatternId": null,
+           "style": null,
+           "symbolicCandidates": 2,
+           "targetTracks": Object {
+             "drumTrackId": null,
+             "instrumentTrackIds": Array [],
+           },
+           "variation": 0.3,
+           "version": 1,
+         },
+         "intentHash": "d7bbacdd",
+         "microWeight": 0.2,
+         "outputContentHash": "2b3c3be7",
+         "quality": Object {
+           "anchorCoverage": 1,
+           "melodicDurationLongRatio": 0,
+           "melodicMotifRepetition": 0,
+           "melodicRestRatio": 0.625,
+           "styleAccepted": true,
+           "styleDistance": 0.274672,
+           "syncopation": 0.173913,
+         },
+         "seed": "sym-test|symbolic:0",
+         "sourcePatternId": null,
+         "stepCount": 16,
+         "style": null,
+         "temperature": 1,
+         "velocityVariation": 0.3,
+       },
+       "id": "pattern-8206ee4d-e8b9-4cd1-bfc2-3b6cf0e8854c",
+       "name": "house - Broken (template+mv)",
+       "notes": Object {
+         "track-a14c10fe-1cb6-4f7e-82ab-d36771b90a29": Array [
+           Object {
+             "duration": 240,
+             "id": "note-0444a718-5bd4-4924-95a8-3b72992b39de",
+             "pitch": 36,
+             "start": 0,
+             "velocity": 0.8675258364761248,
+           },
+           Object {
+             "duration": 240,
+             "id": "note-0a9a7f9c-ace8-47c0-94f7-c53c3cf0cf5c",
+             "pitch": 36,
+             "start": 240,
+             "velocity": 0.4204940251307562,
+           },
+           Object {
+             "duration": 240,
+             "id": "note-0ba6562b-460c-4b23-a2d9-3dfd21b7b46f",
+             "pitch": 45,
+             "start": 480,
+             "velocity": 0.873860811535269,
+           },
+           Object {
+             "duration": 240,
+             "id": "note-826eabf7-fe02-4396-be18-617759faa4ee",
+             "pitch": 45,
+             "start": 720,
+             "velocity": 0.4951327626919374,
+           },
+           Object {
+             "duration": 240,
+             "id": "note-72db13f9-36ba-4889-a640-19b4637b45f6",
+             "pitch": 41,
+             "start": 960,
+             "velocity": 0.8540957192890346,
+           },
+           Object {
+             "duration": 240,
+             "id": "note-5de7e786-1ed2-47d2-b37d-e5253fbe98d3",
+             "pitch": 41,
+             "start": 1200,
+             "velocity": 0.4968506900034845,
+           },
+           Object {
+             "duration": 240,
+             "id": "note-ac0e6729-4a26-44a9-80d1-f43982b010e4",
+             "pitch": 43,
+             "start": 1440,
+             "velocity": 0.9465266024926677,
+           },
+           Object {
+             "duration": 240,
+             "id": "note-072d1a65-41d4-414e-8d6e-59c5c0ed720d",
+             "pitch": 43,
+             "start": 1680,
+             "velocity": 0.5672505564801396,
+           },
+           Object {
+             "duration": 120,
+             "id": "note-b899fd2c-392a-401c-b31f-accc4adc822e",
+             "pitch": 71,
+             "start": 0,
+             "velocity": 0.6193444355484098,
+           },
+           Object {
+             "duration": 120,
+             "id": "note-5b3af96b-7180-4b34-ab57-8e1d05dd5797",
+             "pitch": 67,
+             "start": 360,
+             "velocity": 0.7369510405417531,
+           },
+           Object {
+             "duration": 120,
+             "id": "note-97005220-363f-4927-b9fb-9cb4f0689b92",
+             "pitch": 76,
+             "start": 720,
+             "velocity": 0.6279335492756217,
+           },
+           Object {
+             "duration": 120,
+             "id": "note-c593bfc5-60e2-4653-980c-be302e3316bb",
+             "pitch": 65,
+             "start": 960,
+             "velocity": 0.712628805488348,
+           },
+           Object {
+             "duration": 120,
+             "id": "note-7abcca15-bd22-46cb-8bc5-09ff46ff25c6",
+             "pitch": 70,
+             "start": 1320,
+             "velocity": 0.6023858810216188,
+           },
+           Object {
+             "duration": 120,
+             "id": "note-04b00cdb-66b6-4354-8cd7-b08199ec67ca",
+             "pitch": 77,
+             "start": 1680,
+             "velocity": 0.7855632224446162,
+           },
+         ],
+         "track-f324be88-e546-4d3a-b3d0-d89ab71821ef": Array [
+           Object {
+             "duration": 480,
+             "id": "note-97393370-0ab8-4885-ae18-0afce01acb59",
+             "pitch": 48,
+             "start": 0,
+             "velocity": 0.6277674179780297,
+           },
+           Object {
+             "duration": 480,
+             "id": "note-a0fdb950-b184-4b85-badb-fe81e12f5bbf",
+             "pitch": 52,
+             "start": 0,
+             "velocity": 0.6277674179780297,
+           },
+           Object {
+             "duration": 480,
+             "id": "note-f9115ba9-55a4-4f18-add1-e91296b8bf26",
+             "pitch": 55,
+             "start": 0,
+             "velocity": 0.6277674179780297,
+           },
+           Object {
+             "duration": 480,
+             "id": "note-baa3b8f9-e668-4723-98d0-07351d347d10",
+             "pitch": 59,
+             "start": 0,
+             "velocity": 0.6277674179780297,
+           },
+           Object {
+             "duration": 480,
+             "id": "note-77fe313e-57dc-4760-9699-9c105ab4534d",
+             "pitch": 57,
+             "start": 480,
+             "velocity": 0.5517074935673736,
+           },
+           Object {
+             "duration": 480,
+             "id": "note-787b4e3c-fcb3-4188-a041-69f71a0accee",
+             "pitch": 60,
+             "start": 480,
+             "velocity": 0.5517074935673736,
+           },
+           Object {
+             "duration": 480,
+             "id": "note-557659cb-c2aa-4c5c-99fa-01664ed78a97",
+             "pitch": 64,
+             "start": 480,
+             "velocity": 0.5517074935673736,
+           },
+           Object {
+             "duration": 480,
+             "id": "note-a28d1214-3c7e-487b-9049-480598f02f6d",
+             "pitch": 67,
+             "start": 480,
+             "velocity": 0.5517074935673736,
+           },
+           Object {
+             "duration": 480,
+             "id": "note-77c9e836-68dd-4f3f-a931-a71b0aa47ba5",
+             "pitch": 53,
+             "start": 960,
+             "velocity": 0.5661244418611749,
+           },
+           Object {
+             "duration": 480,
+             "id": "note-975e97e1-7506-42cd-91d1-cb4ad44fa21a",
+             "pitch": 57,
+             "start": 960,
+             "velocity": 0.5661244418611749,
+           },
+           Object {
+             "duration": 480,
+             "id": "note-78f8d8f4-1d40-45b9-bdbf-9e3fac0bdcc4",
+             "pitch": 60,
+             "start": 960,
+             "velocity": 0.5661244418611749,
+           },
+           Object {
+             "duration": 480,
+             "id": "note-40866324-7cd3-4bee-b4a8-e6aa29723796",
+             "pitch": 55,
+             "start": 1440,
+             "velocity": 0.6116013996116817,
+           },
+           Object {
+             "duration": 480,
+             "id": "note-14a56922-e094-4b77-be7d-f1d9d0fc5d45",
+             "pitch": 59,
+             "start": 1440,
+             "velocity": 0.6116013996116817,
+           },
+           Object {
+             "duration": 480,
+             "id": "note-e3c0f61d-ed04-48f6-b4ad-52335636c53e",
+             "pitch": 62,
+             "start": 1440,
+             "velocity": 0.6116013996116817,
+           },
+           Object {
+             "duration": 480,
+             "id": "note-81490e04-07e7-4cc4-9032-d7e90ba601f5",
+             "pitch": 65,
+             "start": 1440,
+             "velocity": 0.6116013996116817,
+           },
+         ],
+       },
+       "phrasePlan": Array [
+         Object {
+           "bar": 0,
+           "endStep": 16,
+           "section": "main",
+           "startStep": 0,
+         },
+       ],
+       "rows": Object {
+         "track-7d86d852-6ef8-4f84-ad45-74283c683804-pad-01": Array [
+           0.8503199545853726,
+           0,
+           0,
+           0,
+           0,
+           0,
+           0.47362207012431995,
+           0,
+           0,
+           0,
+           0.9096228816897464,
+           0,
+           0.6756512123161513,
+           0,
+           0,
+           0,
+         ],
+         "track-7d86d852-6ef8-4f84-ad45-74283c683804-pad-05": Array [
+           0,
+           0,
+           0,
+           0,
+           0.8704167981809001,
+           0,
+           0.21087261254564185,
+           0.5126089910411276,
+           0.3172641389126572,
+           0,
+           0,
+           0,
+           0.8739372217691372,
+           0,
+           0.6033285030887818,
+           0,
+         ],
+         "track-7d86d852-6ef8-4f84-ad45-74283c683804-pad-07": Array [
+           0,
+           0.16645524492701605,
+           0,
+           0,
+           0,
+           0,
+           0,
+           0,
+           0,
+           0,
+           0,
+           0,
+           0,
+           0,
+           0,
+           0,
+         ],
+         "track-7d86d852-6ef8-4f84-ad45-74283c683804-pad-09": Array [
+           0.4930682023016968,
+           0,
+           0.508327995304256,
+           0,
+           0.5225475848618524,
+           0,
+           0.49031315016555477,
+           0.583096584230878,
+           0.6375966764270621,
+           0,
+           0.6053317679166063,
+           0,
+           0.6280211422797266,
+           0,
+           0.5043580421172539,
+           0.526109231481083,
+         ],
+         "track-7d86d852-6ef8-4f84-ad45-74283c683804-pad-11": Array [
+           0,
+           0,
+           0,
+           0,
+           0,
+           0,
+           0.5167823767845885,
+           0,
+           0,
+           0,
+           0,
+           0,
+           0,
+           0,
+           0.5082750242698421,
+           0,
+         ],
+       },
+       "stepCount": 16,
+       "stepMeta": Object {
+         "track-7d86d852-6ef8-4f84-ad45-74283c683804-pad-01": Object {
+           "12": Object {
+             "probability": 0.6278288086876272,
+           },
+           "6": Object {
+             "probability": 0.7227344508748501,
+           },
+         },
+         "track-7d86d852-6ef8-4f84-ad45-74283c683804-pad-05": Object {
+           "7": Object {
+             "microtiming": 0.05,
+           },
+         },
+         "track-7d86d852-6ef8-4f84-ad45-74283c683804-pad-07": Object {
+           "1": Object {
+             "microtiming": 0.05,
+           },
+         },
+         "track-7d86d852-6ef8-4f84-ad45-74283c683804-pad-09": Object {
+           "15": Object {
+             "microtiming": 0.05,
+           },
+           "2": Object {
+             "ratchet": 2,
+           },
+           "7": Object {
+             "microtiming": 0.05,
+           },
+         },
+         "track-7d86d852-6ef8-4f84-ad45-74283c683804-pad-11": Object {
+           "6": Object {
+             "probability": 0.7012197309639304,
+           },
+         },
+       },
+     },
+     "repairs": Array [],
+     "score": 0,
+     "seed": "sym-test|symbolic:0",
+     "source": "template",
+     "status": "accepted",
+   },
+   Object {
+     "candidateIndex": 2,
+     "contentHash": "",
+     "pattern": Object {
+       "generation": Object {
+         "engineId": "pulse-forge.symbolic-prior",
+         "engineVersion": "prior.v2",
+         "genre": "house",
+         "ghostWeight": 0.3,
+         "grooveId": "house.afrobeats",
+         "inputContentHash": null,
+         "intent": Object {
+           "applyGrooveSettings": false,
+           "bpmRange": null,
+           "candidateCount": 1,
+           "complexity": 0.5,
+           "constraints": Object {
+             "allowGhosts": true,
+             "allowSwing": true,
+             "preserveAnchors": true,
+           },
+           "controls": Object {
+             "ghostWeight": 0.3,
+             "microWeight": 0.2,
+             "temperature": 1,
+             "velocityVariation": 0.3,
+           },
+           "density": 0.5,
+           "energy": 0.7,
+           "fx": null,
+           "genre": "house",
+           "key": null,
+           "length": 16,
+           "mood": null,
+           "replaceMode": "new",
+           "roles": Array [
+             "drums",
+             "bass",
+             "chords",
+             "lead",
+           ],
+           "seed": "sym-test",
+           "sourcePatternId": null,
+           "style": null,
+           "symbolicCandidates": 2,
+           "targetTracks": Object {
+             "drumTrackId": null,
+             "instrumentTrackIds": Array [],
+           },
+           "variation": 0.3,
+           "version": 1,
+         },
+         "intentHash": "d7bbacdd",
+         "microWeight": 0.2,
+         "outputContentHash": "7e0e4e3a",
+         "quality": Object {
+           "anchorCoverage": 1,
+           "melodicDurationLongRatio": 0,
+           "melodicMotifRepetition": 0,
+           "melodicRestRatio": 0.4375,
+           "styleAccepted": true,
+           "styleDistance": 0.141337,
+           "syncopation": 0.264706,
+         },
+         "seed": "sym-test|symbolic:1",
+         "sourcePatternId": null,
+         "stepCount": 16,
+         "style": null,
+         "temperature": 1,
+         "velocityVariation": 0.3,
+       },
+       "id": "pattern-b26f13c6-e705-42f6-89b5-5258b8971279",
+       "name": "house - Afrobeats (template+mv)",
+       "notes": Object {
+         "track-a14c10fe-1cb6-4f7e-82ab-d36771b90a29": Array [
+           Object {
+             "duration": 240,
+             "id": "note-b1cc174d-3356-4caf-b5bc-3f9e51a8185f",
+             "pitch": 36,
+             "start": 0,
+             "velocity": 0.8675258364761248,
+           },
+           Object {
+             "duration": 240,
+             "id": "note-a1c3a478-21d6-4b99-b3c8-f07a1a6abc2f",
+             "pitch": 36,
+             "start": 240,
+             "velocity": 0.4204940251307562,
+           },
+           Object {
+             "duration": 240,
+             "id": "note-2d89a100-c48c-4420-95ce-f6794b19a520",
+             "pitch": 45,
+             "start": 480,
+             "velocity": 0.873860811535269,
+           },
+           Object {
+             "duration": 240,
+             "id": "note-93a7a77e-83c3-40ed-ba0b-d8317e248519",
+             "pitch": 45,
+             "start": 720,
+             "velocity": 0.4951327626919374,
+           },
+           Object {
+             "duration": 240,
+             "id": "note-12c0178d-e83b-4f31-9693-4cfc99a592a4",
+             "pitch": 41,
+             "start": 960,
+             "velocity": 0.8540957192890346,
+           },
+           Object {
+             "duration": 240,
+             "id": "note-e37d4084-68c2-4982-b235-5598ba6d8f05",
+             "pitch": 41,
+             "start": 1200,
+             "velocity": 0.4968506900034845,
+           },
+           Object {
+             "duration": 240,
+             "id": "note-e112d4af-3bef-4069-ab14-1b2e2976a863",
+             "pitch": 43,
+             "start": 1440,
+             "velocity": 0.9465266024926677,
+           },
+           Object {
+             "duration": 240,
+             "id": "note-8fca8144-d2e5-49f6-b3f4-bbfd96934d8f",
+             "pitch": 43,
+             "start": 1680,
+             "velocity": 0.5672505564801396,
+           },
+           Object {
+             "duration": 120,
+             "id": "note-35f84f8a-6b22-4684-87b7-4333b364b624",
+             "pitch": 71,
+             "start": 0,
+             "velocity": 0.6193444355484098,
+           },
+           Object {
+             "duration": 120,
+             "id": "note-97c66eea-1847-4ad1-a35a-b8851266cac8",
+             "pitch": 67,
+             "start": 360,
+             "velocity": 0.7369510405417531,
+           },
+           Object {
+             "duration": 120,
+             "id": "note-5e333f02-9e4b-4c95-adff-ba47e21d5434",
+             "pitch": 76,
+             "start": 720,
+             "velocity": 0.6279335492756217,
+           },
+           Object {
+             "duration": 120,
+             "id": "note-ae3746ce-d881-4c02-a1bc-c244d3490d3c",
+             "pitch": 65,
+             "start": 960,
+             "velocity": 0.712628805488348,
+           },
+           Object {
+             "duration": 120,
+             "id": "note-f1b2b4de-49dd-4f40-a41a-9409a6581441",
+             "pitch": 70,
+             "start": 1320,
+             "velocity": 0.6023858810216188,
+           },
+           Object {
+             "duration": 120,
+             "id": "note-0dbc2fc6-205b-498c-981a-16f632afb949",
+             "pitch": 77,
+             "start": 1680,
+             "velocity": 0.7855632224446162,
+           },
+         ],
+         "track-f324be88-e546-4d3a-b3d0-d89ab71821ef": Array [
+           Object {
+             "duration": 480,
+             "id": "note-31f20155-5c89-4d8c-ad32-86d44d9a2b4c",
+             "pitch": 48,
+             "start": 0,
+             "velocity": 0.6277674179780297,
+           },
+           Object {
+             "duration": 480,
+             "id": "note-3d36b138-1802-42fc-a5b6-eeb7803aeec1",
+             "pitch": 52,
+             "start": 0,
+             "velocity": 0.6277674179780297,
+           },
+           Object {
+             "duration": 480,
+             "id": "note-a35ad9bf-3669-455e-93ec-acefd3b64334",
+             "pitch": 55,
+             "start": 0,
+             "velocity": 0.6277674179780297,
+           },
+           Object {
+             "duration": 480,
+             "id": "note-2ca2d6a9-6a9c-470e-a6ac-01390bc8ce0f",
+             "pitch": 59,
+             "start": 0,
+             "velocity": 0.6277674179780297,
+           },
+           Object {
+             "duration": 480,
+             "id": "note-f2432cab-bffb-4dbf-9bd8-b315b3af8024",
+             "pitch": 57,
+             "start": 480,
+             "velocity": 0.5517074935673736,
+           },
+           Object {
+             "duration": 480,
+             "id": "note-3ff5b664-ef43-42dd-b272-e71d0c963653",
+             "pitch": 60,
+             "start": 480,
+             "velocity": 0.5517074935673736,
+           },
+           Object {
+             "duration": 480,
+             "id": "note-14ae7b55-6dca-48fd-8737-d9fae5cf2190",
+             "pitch": 64,
+             "start": 480,
+             "velocity": 0.5517074935673736,
+           },
+           Object {
+             "duration": 480,
+             "id": "note-52c8c324-099f-46bf-8caa-13b42dfe1d3d",
+             "pitch": 67,
+             "start": 480,
+             "velocity": 0.5517074935673736,
+           },
+           Object {
+             "duration": 480,
+             "id": "note-717ced13-8089-4365-93cf-d0afa527524f",
+             "pitch": 53,
+             "start": 960,
+             "velocity": 0.5661244418611749,
+           },
+           Object {
+             "duration": 480,
+             "id": "note-54bf3ae3-43e6-4f3d-9a54-45330bfa8997",
+             "pitch": 57,
+             "start": 960,
+             "velocity": 0.5661244418611749,
+           },
+           Object {
+             "duration": 480,
+             "id": "note-0a0f5a96-4b35-4f90-901b-fe8f8b491386",
+             "pitch": 60,
+             "start": 960,
+             "velocity": 0.5661244418611749,
+           },
+           Object {
+             "duration": 480,
+             "id": "note-d807ec29-5a72-43f2-b846-1b9213f73390",
+             "pitch": 55,
+             "start": 1440,
+             "velocity": 0.6116013996116817,
+           },
+           Object {
+             "duration": 480,
+             "id": "note-9f5f4eb8-c56a-480a-9cb8-8e6911c3f876",
+             "pitch": 59,
+             "start": 1440,
+             "velocity": 0.6116013996116817,
+           },
+           Object {
+             "duration": 480,
+             "id": "note-0397c963-a8b6-4e12-80a8-a7c247842d22",
+             "pitch": 62,
+             "start": 1440,
+             "velocity": 0.6116013996116817,
+           },
+           Object {
+             "duration": 480,
+             "id": "note-ea7511ab-45da-4565-b466-6c4829e88419",
+             "pitch": 65,
+             "start": 1440,
+             "velocity": 0.6116013996116817,
+           },
+         ],
+       },
+       "phrasePlan": Array [
+         Object {
+           "bar": 0,
+           "endStep": 16,
+           "section": "main",
+           "startStep": 0,
+         },
+       ],
+       "rows": Object {
+         "track-7d86d852-6ef8-4f84-ad45-74283c683804-pad-01": Array [
+           0.884155,
+           0,
+           0.8374285138547771,
+           0,
+           0,
+           0,
+           0.7995722902639735,
+           0,
+           0.7450525031411562,
+           0,
+           0,
+           0,
+           0.7596806763556702,
+           0,
+           0.9424349633796485,
+           0,
+         ],
+         "track-7d86d852-6ef8-4f84-ad45-74283c683804-pad-02": Array [
+           0.5246335360171226,
+           0,
+           0.5440844545775051,
+           0,
+           0.5775235813259866,
+           0,
+           0,
+           0,
+           0.5554286295890598,
+           0,
+           0,
+           0,
+           0.6020224791772779,
+           0,
+           0,
+           0,
+         ],
+         "track-7d86d852-6ef8-4f84-ad45-74283c683804-pad-05": Array [
+           0,
+           0,
+           0,
+           0,
+           0,
+           0,
+           0,
+           0,
+           0.8911792325045383,
+           0,
+           0,
+           0,
+           0,
+           0,
+           0,
+           0,
+         ],
+         "track-7d86d852-6ef8-4f84-ad45-74283c683804-pad-08": Array [
+           0.6488117170198354,
+           0.15988108132231657,
+           0.3832473082786584,
+           0.49340761917491993,
+           0.572691683892111,
+           0.19253230271612556,
+           0.47007738934557186,
+           0.20833820960042393,
+           0.6818636112449598,
+           0.2624469752593862,
+           0.4907408429177833,
+           0.3331338124048904,
+           0.48788740487963,
+           0.22313174053546228,
+           0.5794052399923183,
+           0.30168592265350486,
+         ],
+         "track-7d86d852-6ef8-4f84-ad45-74283c683804-pad-09": Array [
+           0.5761384213882964,
+           0,
+           0,
+           0,
+           0.6467755086270036,
+           0,
+           0,
+           0,
+           0.6151276487473737,
+           0,
+           0.3133065282977166,
+           0,
+           0.5586685514671287,
+           0,
+           0,
+           0,
+         ],
+         "track-7d86d852-6ef8-4f84-ad45-74283c683804-pad-15": Array [
+           0,
+           0,
+           0,
+           0.20640836406686713,
+           0,
+           0,
+           0,
+           0,
+           0,
+           0,
+           0,
+           0,
+           0,
+           0,
+           0,
+           0,
+         ],
+       },
+       "stepCount": 16,
+       "stepMeta": Object {
+         "track-7d86d852-6ef8-4f84-ad45-74283c683804-pad-01": Object {
+           "0": Object {
+             "microtiming": 0.07,
+           },
+         },
+         "track-7d86d852-6ef8-4f84-ad45-74283c683804-pad-02": Object {
+           "8": Object {
+             "probability": 0.6959641664056108,
+           },
+         },
+         "track-7d86d852-6ef8-4f84-ad45-74283c683804-pad-05": Object {
+           "8": Object {
+             "microtiming": -0.09,
+           },
+         },
+         "track-7d86d852-6ef8-4f84-ad45-74283c683804-pad-08": Object {
+           "1": Object {
+             "microtiming": 0.18,
+           },
+           "10": Object {
+             "microtiming": -0.06,
+           },
+           "11": Object {
+             "microtiming": 0.04,
+           },
+           "13": Object {
+             "microtiming": 0.04,
+           },
+           "14": Object {
+             "microtiming": -0.13,
+           },
+           "15": Object {
+             "microtiming": 0.04,
+           },
+           "3": Object {
+             "microtiming": -0.01,
+           },
+           "5": Object {
+             "microtiming": 0.04,
+           },
+           "7": Object {
+             "microtiming": -0.13,
+           },
+           "9": Object {
+             "microtiming": 0.04,
+           },
+         },
+         "track-7d86d852-6ef8-4f84-ad45-74283c683804-pad-09": Object {
+           "0": Object {
+             "microtiming": 0.11,
+           },
+           "10": Object {
+             "probability": 0.6098388099577278,
+           },
+           "4": Object {
+             "microtiming": 0.07,
+           },
+         },
+         "track-7d86d852-6ef8-4f84-ad45-74283c683804-pad-15": Object {
+           "3": Object {
+             "microtiming": 0.04,
+           },
+         },
+       },
+     },
+     "repairs": Array [],
+     "score": 0,
+     "seed": "sym-test|symbolic:1",
+     "source": "template",
+     "status": "accepted",
+   },
+ ]

 ÔŁ» tests/symbolic-prior.test.ts:267:21
    265|       1,
    266|     );
    267|     expect(entries).toEqual([]);
       |                     ^
    268|     expect(failures.length).toBe(2);
    269|     expect(failures[0]).toContain("prior-fallback");

ÔÄ»ÔÄ»ÔÄ»ÔÄ»ÔÄ»ÔÄ»ÔÄ»ÔÄ»ÔÄ»ÔÄ»ÔÄ»ÔÄ»ÔÄ»ÔÄ»ÔÄ»ÔÄ»ÔÄ»ÔÄ»ÔÄ»ÔÄ»ÔÄ»ÔÄ»ÔÄ»ÔÄ»[2/4]ÔÄ»

 FAIL  tests/ai/bridge/compressor.test.ts > AI bridge ÔÇö punchier drums recipe > compressor params survive normalizeProject (whitelist round-trip)
AssertionError: expected 11.8 to be close to 11, received difference is 0.8000000000000007, but expected 0.000005
 ÔŁ» tests/ai/bridge/compressor.test.ts:171:32
    169|     }
    170|     const spec = tuneCharacter(COMPRESSOR_CHARACTERS.punch, 0.5);
    171|     expect(comp?.params.ratio).toBeCloseTo(spec.ratio, 5);
       |                                ^
    172|     expect(comp?.params.attack).toBeCloseTo(spec.attackSec, 6);
    173|     // makeup is stored in dB on the registry side; the worklet converÔÇŽ

ÔÄ»ÔÄ»ÔÄ»ÔÄ»ÔÄ»ÔÄ»ÔÄ»ÔÄ»ÔÄ»ÔÄ»ÔÄ»ÔÄ»ÔÄ»ÔÄ»ÔÄ»ÔÄ»ÔÄ»ÔÄ»ÔÄ»ÔÄ»ÔÄ»ÔÄ»ÔÄ»ÔÄ»[3/4]ÔÄ»

 FAIL  tests/ai/bridge/compressor.test.ts > AI bridge ÔÇö punchier drums recipe > transient params survive normalizeProject and keep their sign
Error: X no-recipe-match :: I don't know how to do that yet ÔÇö try rephrasing or pick a recipe from the suggestions.
 ÔŁ» tests/ai/bridge/compressor.test.ts:185:27
    183|       userPreferences: EMPTY_PREFERENCES,
    184|     });
    185|     if (!result.ok) throw new Error('X ' + result.error.code + ' :: ' ÔÇŽ
       |                           ^
    186|     expect(result.ok).toBe(true);
    187|     if (!result.ok) return;

ÔÄ»ÔÄ»ÔÄ»ÔÄ»ÔÄ»ÔÄ»ÔÄ»ÔÄ»ÔÄ»ÔÄ»ÔÄ»ÔÄ»ÔÄ»ÔÄ»ÔÄ»ÔÄ»ÔÄ»ÔÄ»ÔÄ»ÔÄ»ÔÄ»ÔÄ»ÔÄ»ÔÄ»[4/4]ÔÄ»

[2m Test Files [22m [1m[31m2 failed[39m[22m[2m | [22m[1m[32m2 passed[39m[22m[90m (4)[39m
[2m      Tests [22m [1m[31m4 failed[39m[22m[2m | [22m[1m[32m51 passed[39m[22m[90m (55)[39m
[2m   Start at [22m 11:44:13
[2m   Duration [22m 9.69s[2m (transform 3.13s, setup 2.22s, collect 8.32s, tests 2.15s, environment 15.38s, prepare 1.33s)[22m

