[     620ms] [ERROR] Failed to load module script: Expected a JavaScript-or-Wasm module script but the server responded with a MIME type of "text/html". Strict MIME type checking is enforced for module scripts per HTML spec. @ https://qvesterstudio.com/kyx/assets/js/workflow-session-store-BIH1-xLL.js:0
[     627ms] [ERROR] Failed to load module script: Expected a JavaScript-or-Wasm module script but the server responded with a MIME type of "text/html". Strict MIME type checking is enforced for module scripts per HTML spec. @ https://qvesterstudio.com/kyx/assets/js/asyncToGenerator-gUhvluCW.js:0
[     629ms] [ERROR] Refused to apply style from 'https://qvesterstudio.com/kyx/assets/index-Dz71FY4K.css' because its MIME type ('text/html') is not a supported stylesheet MIME type, and strict MIME checking is enabled. @ https://qvesterstudio.com/kyx/:0
[     633ms] [ERROR] Refused to apply style from 'https://qvesterstudio.com/kyx/assets/src-B8ZPPSJ8.css' because its MIME type ('text/html') is not a supported stylesheet MIME type, and strict MIME checking is enabled. @ https://qvesterstudio.com/kyx/:0
[     638ms] [ERROR] Manifest: Line: 1, column: 1, Syntax error. @ https://qvesterstudio.com/kyx/site.webmanifest:0
[     640ms] [ERROR] Failed to load module script: Expected a JavaScript-or-Wasm module script but the server responded with a MIME type of "text/html". Strict MIME type checking is enforced for module scripts per HTML spec. @ https://qvesterstudio.com/kyx/assets/js/useViewportProfile-B-zHuWqI.js:0
[     643ms] [ERROR] Failed to load module script: Expected a JavaScript-or-Wasm module script but the server responded with a MIME type of "text/html". Strict MIME type checking is enforced for module scripts per HTML spec. @ https://qvesterstudio.com/kyx/assets/js/content-shell-BoWJaLP6.js:0
[     650ms] [ERROR] Failed to load module script: Expected a JavaScript-or-Wasm module script but the server responded with a MIME type of "text/html". Strict MIME type checking is enforced for module scripts per HTML spec. @ https://qvesterstudio.com/kyx/assets/js/decision-response-bridge-D_rUcQYA.js:0
[     653ms] [ERROR] Failed to load module script: Expected a JavaScript-or-Wasm module script but the server responded with a MIME type of "text/html". Strict MIME type checking is enforced for module scripts per HTML spec. @ https://qvesterstudio.com/kyx/assets/js/qmr-knowledge-graph-projection-B_9P_OpE.js:0
[     655ms] [ERROR] Refused to apply style from 'https://qvesterstudio.com/kyx/assets/react-Bzw7du9B.css' because its MIME type ('text/html') is not a supported stylesheet MIME type, and strict MIME checking is enabled. @ https://qvesterstudio.com/kyx/:0
[     661ms] [ERROR] Failed to load module script: Expected a JavaScript-or-Wasm module script but the server responded with a MIME type of "text/html". Strict MIME type checking is enforced for module scripts per HTML spec. @ https://qvesterstudio.com/kyx/assets/js/index-CWXHMa2B.js:0
[     665ms] [ERROR] Failed to load module script: Expected a JavaScript-or-Wasm module script but the server responded with a MIME type of "text/html". Strict MIME type checking is enforced for module scripts per HTML spec. @ https://qvesterstudio.com/kyx/assets/js/rolldown-runtime-C6DSFE5D.js:0
[     669ms] [ERROR] Failed to load module script: Expected a JavaScript-or-Wasm module script but the server responded with a MIME type of "text/html". Strict MIME type checking is enforced for module scripts per HTML spec. @ https://qvesterstudio.com/kyx/assets/js/Sigil-vnrrxtli.js:0
[     673ms] [ERROR] Failed to load module script: Expected a JavaScript-or-Wasm module script but the server responded with a MIME type of "text/html". Strict MIME type checking is enforced for module scripts per HTML spec. @ https://qvesterstudio.com/kyx/assets/js/preload-helper-CvlpC4nX.js:0
[     677ms] [ERROR] Failed to load module script: Expected a JavaScript-or-Wasm module script but the server responded with a MIME type of "text/html". Strict MIME type checking is enforced for module scripts per HTML spec. @ https://qvesterstudio.com/kyx/assets/js/react-nHIjAVpO.js:0
[     678ms] [ERROR] Refused to apply style from 'https://qvesterstudio.com/kyx/assets/decision-response-bridge-CS6h0aot.css' because its MIME type ('text/html') is not a supported stylesheet MIME type, and strict MIME checking is enabled. @ https://qvesterstudio.com/kyx/:0
[     688ms] [ERROR] Failed to load module script: Expected a JavaScript-or-Wasm module script but the server responded with a MIME type of "text/html". Strict MIME type checking is enforced for module scripts per HTML spec. @ https://qvesterstudio.com/kyx/assets/js/feature-flags-CR_C55GO.js:0
[     708ms] [ERROR] Failed to load module script: Expected a JavaScript-or-Wasm module script but the server responded with a MIME type of "text/html". Strict MIME type checking is enforced for module scripts per HTML spec. @ https://qvesterstudio.com/kyx/assets/js/SectionBreadcrumb-DUmvswQo.js:0
[     708ms] [ERROR] Failed to load module script: Expected a JavaScript-or-Wasm module script but the server responded with a MIME type of "text/html". Strict MIME type checking is enforced for module scripts per HTML spec. @ https://qvesterstudio.com/kyx/assets/js/useThresholdParticleField-Cnc1NDp3.js:0
[     708ms] [ERROR] Failed to load module script: Expected a JavaScript-or-Wasm module script but the server responded with a MIME type of "text/html". Strict MIME type checking is enforced for module scripts per HTML spec. @ https://qvesterstudio.com/kyx/assets/js/react-vendor-SxL7nm1C.js:0
[     709ms] [ERROR] Failed to load module script: Expected a JavaScript-or-Wasm module script but the server responded with a MIME type of "text/html". Strict MIME type checking is enforced for module scripts per HTML spec. @ https://qvesterstudio.com/kyx/assets/js/crossAppMemory-drn2JJXa.js:0
[     709ms] [ERROR] Failed to load module script: Expected a JavaScript-or-Wasm module script but the server responded with a MIME type of "text/html". Strict MIME type checking is enforced for module scripts per HTML spec. @ https://qvesterstudio.com/kyx/assets/js/src-CFVnxBXT.js:0
[     719ms] [ERROR] Failed to load module script: Expected a JavaScript-or-Wasm module script but the server responded with a MIME type of "text/html". Strict MIME type checking is enforced for module scripts per HTML spec. @ https://qvesterstudio.com/kyx/assets/js/objectSpread2-riVNn20v.js:0
[     720ms] [ERROR] Failed to load module script: Expected a JavaScript-or-Wasm module script but the server responded with a MIME type of "text/html". Strict MIME type checking is enforced for module scripts per HTML spec. @ https://qvesterstudio.com/kyx/assets/js/src-CLxXaSY5.js:0
[     722ms] [ERROR] Failed to load module script: Expected a JavaScript-or-Wasm module script but the server responded with a MIME type of "text/html". Strict MIME type checking is enforced for module scripts per HTML spec. @ https://qvesterstudio.com/kyx/assets/js/journey-replay-C4UKN8jG.js:0
[     724ms] [ERROR] Manifest: Line: 1, column: 1, Syntax error. @ https://qvesterstudio.com/kyx/site.webmanifest:0
[     726ms] [ERROR] Failed to load module script: Expected a JavaScript-or-Wasm module script but the server responded with a MIME type of "text/html". Strict MIME type checking is enforced for module scripts per HTML spec. @ https://qvesterstudio.com/kyx/assets/js/usePrefersReducedMotion-BFFlIy7R.js:0
[     732ms] [ERROR] Failed to load module script: Expected a JavaScript-or-Wasm module script but the server responded with a MIME type of "text/html". Strict MIME type checking is enforced for module scripts per HTML spec. @ https://qvesterstudio.com/kyx/assets/js/shaderLoader-YSqf0CWt.js:0
[     737ms] [ERROR] Failed to load module script: Expected a JavaScript-or-Wasm module script but the server responded with a MIME type of "text/html". Strict MIME type checking is enforced for module scripts per HTML spec. @ https://qvesterstudio.com/kyx/assets/js/objectWithoutProperties-DsJvyPqK.js:0
[    3933ms] [WARNING] The resource https://qvesterstudio.com/kyx/fonts/space-grotesk.woff2 was preloaded using link preload but not used within a few seconds from the window's load event. Please make sure it has an appropriate `as` value and it is preloaded intentionally. @ https://qvesterstudio.com/kyx/:0
[    3933ms] [WARNING] The resource https://qvesterstudio.com/kyx/fonts/inter-400.woff2 was preloaded using link preload but not used within a few seconds from the window's load event. Please make sure it has an appropriate `as` value and it is preloaded intentionally. @ https://qvesterstudio.com/kyx/:0
