
[1m[7m[36m RUN [39m[27m[22m [36mv2.1.9 [39m[90mD:/pulse-forge[39m

 [32mÔťô[39m tests/intent-artist-signature-seeding.test.ts [2m([22m[2m21 tests[22m[2m)[22m[90m 104[2mms[22m[39m
 [32mÔťô[39m tests/intent-text-parser.test.ts [2m([22m[2m91 tests[22m[2m)[22m[33m 3325[2mms[22m[39m
 [32mÔťô[39m tests/intent-binding.test.ts [2m([22m[2m7 tests[22m[2m)[22m[90m 176[2mms[22m[39m
 [32mÔťô[39m tests/intent-async-pipeline.test.ts [2m([22m[2m10 tests[22m[2m)[22m[33m 594[2mms[22m[39m
 [32mÔťô[39m tests/intent-artist-mix-wiring.test.ts [2m([22m[2m45 tests[22m[2m)[22m[90m 34[2mms[22m[39m
 [32mÔťô[39m tests/intent-artist-plan-hints.test.ts [2m([22m[2m20 tests[22m[2m)[22m[90m 54[2mms[22m[39m
 [32mÔťô[39m tests/intent-master-decisions.test.ts [2m([22m[2m19 tests[22m[2m)[22m[90m 84[2mms[22m[39m
 [32mÔťô[39m tests/intent-transitions.test.ts [2m([22m[2m9 tests[22m[2m)[22m[33m 409[2mms[22m[39m
 [32mÔťô[39m tests/intent-sections-fx.test.ts [2m([22m[2m18 tests[22m[2m)[22m[33m 713[2mms[22m[39m
 [32mÔťô[39m tests/intent-song.test.ts [2m([22m[2m19 tests[22m[2m)[22m[33m 2597[2mms[22m[39m
   [33m[2mÔťô[22m[39m song builder[2m > [22mcarries the full producer brief into every generated song section [33m874[2mms[22m[39m
   [33m[2mÔťô[22m[39m song builder[2m > [22mbuilds complete coherent song lanes and sound-checks section finalists [33m353[2mms[22m[39m
 [31mÔŁ»[39m tests/intent-production.test.ts [2m([22m[2m20 tests[22m[2m | [22m[31m1 failed[39m[2m)[22m[33m 5132[2mms[22m[39m
[31m   [31m├Ś[31m planner[2m > [22mdeeper Ôćĺ pitchShift with amount-scaled semitones, clamped to metadata[33m 5040[2mms[22m[31m[39m
[31m     Ôćĺ Test timed out in 5000ms.
If this is a long-running test, pass a timeout value as the last argument or configure it globally with "testTimeout".[39m
 [32mÔťô[39m tests/intent-ranker-active.test.ts [2m([22m[2m4 tests[22m[2m)[22m[33m 378[2mms[22m[39m
 [32mÔťô[39m tests/intent-loudness.test.ts [2m([22m[2m18 tests[22m[2m)[22m[33m 603[2mms[22m[39m
 [32mÔťô[39m tests/intent-mix-route.test.ts [2m([22m[2m20 tests[22m[2m)[22m[33m 735[2mms[22m[39m
 [32mÔťô[39m tests/intent-e2e-audit.test.ts [2m([22m[2m71 tests[22m[2m)[22m[33m 1511[2mms[22m[39m
   [33m[2mÔťô[22m[39m E2E fader: route Ôćĺ state Ôćĺ undo[2m > [22mpartially parseable compounds still clarify (never drops an unparsed clause) [33m376[2mms[22m[39m
 [32mÔťô[39m tests/intent-preserve.test.ts [2m([22m[2m4 tests[22m[2m)[22m[90m 129[2mms[22m[39m
 [32mÔťô[39m tests/intent-artists.test.ts [2m([22m[2m178 tests[22m[2m)[22m[33m 6956[2mms[22m[39m
 [32mÔťô[39m tests/intent-song-audio-review.test.ts [2m([22m[2m11 tests[22m[2m)[22m[90m 160[2mms[22m[39m
 [32mÔťô[39m tests/intent-artist-profiles.test.ts [2m([22m[2m14 tests[22m[2m)[22m[90m 255[2mms[22m[39m
 [32mÔťô[39m tests/intent-exact.test.ts [2m([22m[2m14 tests[22m[2m)[22m[90m 36[2mms[22m[39m
 [32mÔťô[39m tests/intent-semantic.test.ts [2m([22m[2m10 tests[22m[2m)[22m[33m 1207[2mms[22m[39m
   [33m[2mÔťô[22m[39m semantic corpus (T1 krok 2)[2m > [22mpatches only use canonical vocabulary [33m1014[2mms[22m[39m
 [32mÔťô[39m tests/intent-effect-targets.test.ts [2m([22m[2m12 tests[22m[2m)[22m[33m 491[2mms[22m[39m
 [32mÔťô[39m tests/intent-preference-ledger.test.ts [2m([22m[2m6 tests[22m[2m)[22m[90m 120[2mms[22m[39m
 [31mÔŁ»[39m tests/intent-semantic-client.test.ts [2m([22m[2m3 tests[22m[2m | [22m[31m2 failed[39m[2m)[22m[33m 2558[2mms[22m[39m
[31m   [31m├Ś[31m semantic worker client failure handling[2m > [22mresolves worker runtime errors immediately and trips the circuit breaker[33m 1078[2mms[22m[31m[39m
[31m     Ôćĺ expected [] to have a length of 1 but got +0[39m
[31m   [31m├Ś[31m semantic worker client failure handling[2m > [22mcounts explicit worker error responses toward the same circuit breaker[33m 1104[2mms[22m[31m[39m
[31m     Ôćĺ expected [ FakeWorker{ ÔÇŽ(3) }, ÔÇŽ(1) ] to have a length of 1 but got 2[39m
   [33m[2mÔťô[22m[39m semantic worker client failure handling[2m > [22mcold-start timeouts resolve to null WITHOUT tripping the circuit breaker [33m374[2mms[22m[39m
 [32mÔťô[39m tests/intent-regen-chain.test.ts [2m([22m[2m2 tests[22m[2m)[22m[90m 211[2mms[22m[39m
 [32mÔťô[39m tests/intent-pipeline.test.ts [2m([22m[2m5 tests[22m[2m)[22m[90m 165[2mms[22m[39m
 [32mÔťô[39m tests/intent-audio-feedback.test.ts [2m([22m[2m12 tests[22m[2m)[22m[90m 234[2mms[22m[39m
 [32mÔťô[39m tests/intent-descriptions.test.ts [2m([22m[2m8 tests[22m[2m)[22m[90m 62[2mms[22m[39m
 [32mÔťô[39m tests/intent-mapping.test.ts [2m([22m[2m5 tests[22m[2m)[22m[90m 49[2mms[22m[39m
 [32mÔťô[39m tests/intent-brief-suite.test.ts [2m([22m[2m8 tests[22m[2m)[22m[33m 318[2mms[22m[39m
 [32mÔťô[39m tests/intent-ranker-golden.test.ts [2m([22m[2m6 tests[22m[2m)[22m[90m 19[2mms[22m[39m
 [32mÔťô[39m tests/intent-percent.test.ts [2m([22m[2m6 tests[22m[2m)[22m[90m 24[2mms[22m[39m
 [32mÔťô[39m tests/intent-async-fallback.test.ts [2m([22m[2m1 test[22m[2m)[22m[90m 44[2mms[22m[39m

ÔÄ»ÔÄ»ÔÄ»ÔÄ»ÔÄ»ÔÄ»ÔÄ» Failed Tests 3 ÔÄ»ÔÄ»ÔÄ»ÔÄ»ÔÄ»ÔÄ»ÔÄ»

 FAIL  tests/intent-production.test.ts > planner > deeper Ôćĺ pitchShift with amount-scaled semitones, clamped to metadata
Error: Test timed out in 5000ms.
If this is a long-running test, pass a timeout value as the last argument or configure it globally with "testTimeout".
ÔÄ»ÔÄ»ÔÄ»ÔÄ»ÔÄ»ÔÄ»ÔÄ»ÔÄ»ÔÄ»ÔÄ»ÔÄ»ÔÄ»ÔÄ»ÔÄ»ÔÄ»ÔÄ»ÔÄ»ÔÄ»ÔÄ»ÔÄ»ÔÄ»ÔÄ»ÔÄ»ÔÄ»[1/3]ÔÄ»

 FAIL  tests/intent-semantic-client.test.ts > semantic worker client failure handling > resolves worker runtime errors immediately and trips the circuit breaker
AssertionError: expected [] to have a length of 1 but got +0

- Expected
+ Received

- 1
+ 0

 ÔŁ» tests/intent-semantic-client.test.ts:58:57
     56|     const { embedTexts } = await import("../src/ai/semantic/semantic-cÔÇŽ
     57|     const first = embedTexts(["first request"]);
     58|     await vi.waitFor(() => expect(FakeWorker.instances).toHaveLength(1ÔÇŽ
       |                                                         ^
     59|     const worker = FakeWorker.instances[0];
     60|     await vi.waitFor(() => expect(worker.messages).toHaveLength(1));

ÔÄ»ÔÄ»ÔÄ»ÔÄ»ÔÄ»ÔÄ»ÔÄ»ÔÄ»ÔÄ»ÔÄ»ÔÄ»ÔÄ»ÔÄ»ÔÄ»ÔÄ»ÔÄ»ÔÄ»ÔÄ»ÔÄ»ÔÄ»ÔÄ»ÔÄ»ÔÄ»ÔÄ»[2/3]ÔÄ»

 FAIL  tests/intent-semantic-client.test.ts > semantic worker client failure handling > counts explicit worker error responses toward the same circuit breaker
AssertionError: expected [ FakeWorker{ ÔÇŽ(3) }, ÔÇŽ(1) ] to have a length of 1 but got 2

- Expected
+ Received

- 1
+ 2

 ÔŁ» tests/intent-semantic-client.test.ts:80:59
     78|     const workerError = async (expectedMessages: number) => {
     79|       const pending = embedTexts([`request ${expectedMessages}`]);
     80|       await vi.waitFor(() => expect(FakeWorker.instances).toHaveLengthÔÇŽ
       |                                                           ^
     81|       const worker = FakeWorker.instances[0];
     82|       await vi.waitFor(() => expect(worker.messages).toHaveLength(expeÔÇŽ

ÔÄ»ÔÄ»ÔÄ»ÔÄ»ÔÄ»ÔÄ»ÔÄ»ÔÄ»ÔÄ»ÔÄ»ÔÄ»ÔÄ»ÔÄ»ÔÄ»ÔÄ»ÔÄ»ÔÄ»ÔÄ»ÔÄ»ÔÄ»ÔÄ»ÔÄ»ÔÄ»ÔÄ»[3/3]ÔÄ»

[2m Test Files [22m [1m[31m2 failed[39m[22m[2m | [22m[1m[32m31 passed[39m[22m[90m (33)[39m
[2m      Tests [22m [1m[31m3 failed[39m[22m[2m | [22m[1m[32m694 passed[39m[22m[90m (697)[39m
[2m   Start at [22m 13:11:21
[2m   Duration [22m 51.80s[2m (transform 47.33s, setup 81.32s, collect 197.07s, tests 29.49s, environment 324.95s, prepare 13.29s)[22m

