
[1m[7m[36m RUN [39m[27m[22m [36mv2.1.9 [39m[90mD:/pulse-forge[39m

 [32mÔťô[39m tests/intent-production-degree.test.ts [2m([22m[2m22 tests[22m[2m)[22m[90m 25[2mms[22m[39m
 [32mÔťô[39m tests/intent-artist-signature-seeding.test.ts [2m([22m[2m21 tests[22m[2m)[22m[90m 22[2mms[22m[39m
 [32mÔťô[39m tests/intent-semantic-client.test.ts [2m([22m[2m5 tests[22m[2m)[22m[33m 822[2mms[22m[39m
   [33m[2mÔťô[22m[39m semantic worker client failure handling[2m > [22mresolves worker runtime errors immediately and trips the circuit breaker [33m360[2mms[22m[39m
 [32mÔťô[39m tests/intent-production-level3.test.ts [2m([22m[2m43 tests[22m[2m)[22m[90m 139[2mms[22m[39m
 [32mÔťô[39m tests/intent-async-pipeline.test.ts [2m([22m[2m11 tests[22m[2m)[22m[33m 329[2mms[22m[39m
 [32mÔťô[39m tests/intent-artist-plan-hints.test.ts [2m([22m[2m20 tests[22m[2m)[22m[90m 36[2mms[22m[39m
 [32mÔťô[39m tests/intent-artist-mix-wiring.test.ts [2m([22m[2m45 tests[22m[2m)[22m[90m 33[2mms[22m[39m
 [32mÔťô[39m tests/intent-sections-fx.test.ts [2m([22m[2m20 tests[22m[2m)[22m[33m 466[2mms[22m[39m
 [32mÔťô[39m tests/intent-loudness.test.ts [2m([22m[2m18 tests[22m[2m)[22m[90m 198[2mms[22m[39m
 [31mÔŁ»[39m tests/intent-text-parser.test.ts [2m([22m[2m93 tests[22m[2m | [22m[31m5 failed[39m[2m)[22m[33m 3185[2mms[22m[39m
[31m   [31m├Ś[31m vocabulary-gap depth lanes ÔÇö every phrase resolves to a real groove[2m > [22m'reggae' Ôćĺ 'trap.dancehall'[90m 36[2mms[22m[31m[39m
[31m     Ôćĺ expected 'reggae' to be 'dancehall' // Object.is equality[39m
[31m   [31m├Ś[31m vocabulary-gap depth lanes ÔÇö every phrase resolves to a real groove[2m > [22m'ska' Ôćĺ 'trap.dancehall'[90m 10[2mms[22m[31m[39m
[31m     Ôćĺ expected 'reggae' to be 'dancehall' // Object.is equality[39m
[31m   [31m├Ś[31m vocabulary-gap depth lanes ÔÇö every phrase resolves to a real groove[2m > [22m'shoegaze' Ôćĺ 'house.altrock'[90m 36[2mms[22m[31m[39m
[31m     Ôćĺ expected 'shoegaze' to be 'altrock' // Object.is equality[39m
[31m   [31m├Ś[31m vocabulary-gap depth lanes ÔÇö every phrase resolves to a real groove[2m > [22m'dream pop' Ôćĺ 'house.altrock'[90m 13[2mms[22m[31m[39m
[31m     Ôćĺ expected 'shoegaze' to be 'altrock' // Object.is equality[39m
[31m   [31m├Ś[31m vocabulary-gap depth lanes ÔÇö every phrase resolves to a real groove[2m > [22m'post rock' Ôćĺ 'house.altrock'[90m 11[2mms[22m[31m[39m
[31m     Ôćĺ expected 'shoegaze' to be 'altrock' // Object.is equality[39m
 [32mÔťô[39m tests/intent-mix-route.test.ts [2m([22m[2m21 tests[22m[2m)[22m[33m 494[2mms[22m[39m
 [32mÔťô[39m tests/intent-e2e-audit.test.ts [2m([22m[2m95 tests[22m[2m)[22m[33m 1517[2mms[22m[39m
 [32mÔťô[39m tests/intent-production.test.ts [2m([22m[2m20 tests[22m[2m)[22m[33m 2998[2mms[22m[39m
   [33m[2mÔťô[22m[39m planner[2m > [22mdeeper Ôćĺ pitchShift with amount-scaled semitones, clamped to metadata [33m2930[2mms[22m[39m
 [32mÔťô[39m tests/intent-song.test.ts [2m([22m[2m22 tests[22m[2m)[22m[33m 2623[2mms[22m[39m
   [33m[2mÔťô[22m[39m song builder[2m > [22mcarries the full producer brief into every generated song section [33m671[2mms[22m[39m
   [33m[2mÔťô[22m[39m song re-generation (SONG AUDIT S1)[2m > [22mreplacing a song does NOT stack duplicate section markers or dangle links [33m406[2mms[22m[39m
 [32mÔťô[39m tests/intent-master-decisions.test.ts [2m([22m[2m19 tests[22m[2m)[22m[90m 18[2mms[22m[39m
 [32mÔťô[39m tests/intent-transitions.test.ts [2m([22m[2m9 tests[22m[2m)[22m[90m 145[2mms[22m[39m
 [32mÔťô[39m tests/intent-binding.test.ts [2m([22m[2m7 tests[22m[2m)[22m[90m 83[2mms[22m[39m
 [32mÔťô[39m tests/intent-artists.test.ts [2m([22m[2m180 tests[22m[2m)[22m[33m 6431[2mms[22m[39m
 [32mÔťô[39m tests/intent-ranker-active.test.ts [2m([22m[2m4 tests[22m[2m)[22m[90m 175[2mms[22m[39m
 [32mÔťô[39m tests/intent-song-audio-review.test.ts [2m([22m[2m11 tests[22m[2m)[22m[90m 133[2mms[22m[39m
 [32mÔťô[39m tests/intent-effect-targets.test.ts [2m([22m[2m12 tests[22m[2m)[22m[33m 343[2mms[22m[39m
 [32mÔťô[39m tests/intent-preserve.test.ts [2m([22m[2m4 tests[22m[2m)[22m[90m 54[2mms[22m[39m
 [32mÔťô[39m tests/intent-artist-profiles.test.ts [2m([22m[2m14 tests[22m[2m)[22m[90m 33[2mms[22m[39m
 [32mÔťô[39m tests/intent-semantic.test.ts [2m([22m[2m10 tests[22m[2m)[22m[33m 644[2mms[22m[39m
   [33m[2mÔťô[22m[39m semantic corpus (T1 krok 2)[2m > [22mpatches only use canonical vocabulary [33m563[2mms[22m[39m
 [32mÔťô[39m tests/intent-exact.test.ts [2m([22m[2m14 tests[22m[2m)[22m[90m 33[2mms[22m[39m
 [32mÔťô[39m tests/intent-preference-ledger.test.ts [2m([22m[2m6 tests[22m[2m)[22m[90m 44[2mms[22m[39m
 [32mÔťô[39m tests/intent-regen-chain.test.ts [2m([22m[2m2 tests[22m[2m)[22m[90m 82[2mms[22m[39m
 [32mÔťô[39m tests/intent-pipeline.test.ts [2m([22m[2m5 tests[22m[2m)[22m[90m 57[2mms[22m[39m
 [32mÔťô[39m tests/intent-audio-feedback.test.ts [2m([22m[2m12 tests[22m[2m)[22m[90m 203[2mms[22m[39m
 [32mÔťô[39m tests/intent-brief-suite.test.ts [2m([22m[2m8 tests[22m[2m)[22m[90m 278[2mms[22m[39m
 [32mÔťô[39m tests/intent-descriptions.test.ts [2m([22m[2m8 tests[22m[2m)[22m[90m 16[2mms[22m[39m
 [32mÔťô[39m tests/intent-ranker-golden.test.ts [2m([22m[2m6 tests[22m[2m)[22m[90m 8[2mms[22m[39m
 [32mÔťô[39m tests/intent-mapping.test.ts [2m([22m[2m5 tests[22m[2m)[22m[90m 24[2mms[22m[39m
 [32mÔťô[39m tests/intent-async-fallback.test.ts [2m([22m[2m1 test[22m[2m)[22m[90m 16[2mms[22m[39m
 [32mÔťô[39m tests/intent-percent.test.ts [2m([22m[2m6 tests[22m[2m)[22m[90m 9[2mms[22m[39m

ÔÄ»ÔÄ»ÔÄ»ÔÄ»ÔÄ»ÔÄ»ÔÄ» Failed Tests 5 ÔÄ»ÔÄ»ÔÄ»ÔÄ»ÔÄ»ÔÄ»ÔÄ»

 FAIL  tests/intent-text-parser.test.ts > vocabulary-gap depth lanes ÔÇö every phrase resolves to a real groove > 'reggae' Ôćĺ 'trap.dancehall'
 FAIL  tests/intent-text-parser.test.ts > vocabulary-gap depth lanes ÔÇö every phrase resolves to a real groove > 'ska' Ôćĺ 'trap.dancehall'
AssertionError: expected 'reggae' to be 'dancehall' // Object.is equality

Expected: "dancehall"
Received: "reggae"

 ÔŁ» tests/intent-text-parser.test.ts:735:32
    733|     const parsed = parseIntentText(text);
    734|     expect(parsed.input.genre).toBe(genre);
    735|     expect(parsed.input.style).toBe(style);
       |                                ^
    736|     expect(getGrooveById(groove)).toBeDefined();
    737|   });

ÔÄ»ÔÄ»ÔÄ»ÔÄ»ÔÄ»ÔÄ»ÔÄ»ÔÄ»ÔÄ»ÔÄ»ÔÄ»ÔÄ»ÔÄ»ÔÄ»ÔÄ»ÔÄ»ÔÄ»ÔÄ»ÔÄ»ÔÄ»ÔÄ»ÔÄ»ÔÄ»ÔÄ»[1/5]ÔÄ»

 FAIL  tests/intent-text-parser.test.ts > vocabulary-gap depth lanes ÔÇö every phrase resolves to a real groove > 'shoegaze' Ôćĺ 'house.altrock'
 FAIL  tests/intent-text-parser.test.ts > vocabulary-gap depth lanes ÔÇö every phrase resolves to a real groove > 'dream pop' Ôćĺ 'house.altrock'
 FAIL  tests/intent-text-parser.test.ts > vocabulary-gap depth lanes ÔÇö every phrase resolves to a real groove > 'post rock' Ôćĺ 'house.altrock'
AssertionError: expected 'shoegaze' to be 'altrock' // Object.is equality

Expected: "altrock"
Received: "shoegaze"

 ÔŁ» tests/intent-text-parser.test.ts:735:32
    733|     const parsed = parseIntentText(text);
    734|     expect(parsed.input.genre).toBe(genre);
    735|     expect(parsed.input.style).toBe(style);
       |                                ^
    736|     expect(getGrooveById(groove)).toBeDefined();
    737|   });

ÔÄ»ÔÄ»ÔÄ»ÔÄ»ÔÄ»ÔÄ»ÔÄ»ÔÄ»ÔÄ»ÔÄ»ÔÄ»ÔÄ»ÔÄ»ÔÄ»ÔÄ»ÔÄ»ÔÄ»ÔÄ»ÔÄ»ÔÄ»ÔÄ»ÔÄ»ÔÄ»ÔÄ»[2/5]ÔÄ»

[2m Test Files [22m [1m[31m1 failed[39m[22m[2m | [22m[1m[32m34 passed[39m[22m[90m (35)[39m
[2m      Tests [22m [1m[31m5 failed[39m[22m[2m | [22m[1m[32m794 passed[39m[22m[90m (799)[39m
[2m   Start at [22m 19:00:37
[2m   Duration [22m 27.39s[2m (transform 14.54s, setup 38.86s, collect 58.37s, tests 21.72s, environment 200.50s, prepare 12.98s)[22m

