
[1m[7m[36m RUN [39m[27m[22m [36mv2.1.9 [39m[90mD:/pulse-forge[39m

 [32mÔťô[39m tests/fxeq-plugin-surface.test.ts [2m([22m[2m7 tests[22m[2m)[22m[90m 211[2mms[22m[39m
 [32mÔťô[39m tests/multi-tap-delay.test.ts [2m([22m[2m9 tests[22m[2m | [22m[33m2 skipped[39m[2m)[22m[90m 14[2mms[22m[39m
 [32mÔťô[39m tests/effects.test.ts [2m([22m[2m61 tests[22m[2m | [22m[33m54 skipped[39m[2m)[22m[90m 71[2mms[22m[39m
 [32mÔťô[39m tests/audio-engine-meter.test.ts [2m([22m[2m3 tests[22m[2m)[22m[90m 5[2mms[22m[39m
 [32mÔťô[39m tests/audio-engine-effect-intent-preview.test.ts [2m([22m[2m4 tests[22m[2m)[22m[90m 11[2mms[22m[39m
 [32mÔťô[39m tests/audio-engine-preview-degraded.test.ts [2m([22m[2m4 tests[22m[2m)[22m[90m 12[2mms[22m[39m
 [32mÔťô[39m tests/effect-reset.test.ts [2m([22m[2m2 tests[22m[2m)[22m[90m 11[2mms[22m[39m
 [32mÔťô[39m tests/plugins-effects-audit.test.ts [2m([22m[2m5 tests[22m[2m)[22m[90m 30[2mms[22m[39m
 [32mÔťô[39m tests/effect-intent-store.test.ts [2m([22m[2m2 tests[22m[2m)[22m[90m 98[2mms[22m[39m
 [32mÔťô[39m tests/effect-intent.test.ts [2m([22m[2m39 tests[22m[2m)[22m[90m 268[2mms[22m[39m
 [32mÔťô[39m tests/intent-effect-targets.test.ts [2m([22m[2m11 tests[22m[2m)[22m[90m 90[2mms[22m[39m
 [32mÔťô[39m tests/chorus-delay-buss.test.ts [2m([22m[2m15 tests[22m[2m)[22m[33m 4219[2mms[22m[39m
   [33m[2mÔťô[22m[39m chorus-processor sound[2m > [22mextremes soak: finite, bounded, no NaN [33m1825[2mms[22m[39m
   [33m[2mÔťô[22m[39m stock-delay-processor sound[2m > [22mfeedback decays (no runaway) and mix = 0 is unity [33m1195[2mms[22m[39m
   [33m[2mÔťô[22m[39m stock-delay-processor sound[2m > [22mswitching TIME mid-render stays finite (glide, no zipper blowup) [33m844[2mms[22m[39m
 [32mÔťô[39m tests/kaskada.test.ts [2m([22m[2m64 tests[22m[2m)[22m[33m 4750[2mms[22m[39m
   [33m[2mÔťô[22m[39m kaskada extremes soak[2m > [22mrandomised param grid stays finite, bounded and non-growing (24 draws) [33m1948[2mms[22m[39m

[2m Test Files [22m [1m[32m13 passed[39m[22m[90m (13)[39m
[2m      Tests [22m [1m[32m170 passed[39m[22m[2m | [22m[33m56 skipped[39m[90m (226)[39m
[2m   Start at [22m 15:13:33
[2m   Duration [22m 11.01s[2m (transform 3.81s, setup 11.66s, collect 18.68s, tests 9.79s, environment 48.12s, prepare 3.58s)[22m

