
[1m[7m[36m RUN [39m[27m[22m [36mv2.1.9 [39m[90mD:/pulse-forge[39m

 [32mÔťô[39m tests/fxeq-plugin-surface.test.ts [2m([22m[2m7 tests[22m[2m)[22m[90m 207[2mms[22m[39m
 [32mÔťô[39m tests/multi-tap-delay.test.ts [2m([22m[2m9 tests[22m[2m | [22m[33m2 skipped[39m[2m)[22m[90m 13[2mms[22m[39m
 [32mÔťô[39m tests/effects.test.ts [2m([22m[2m61 tests[22m[2m | [22m[33m54 skipped[39m[2m)[22m[90m 126[2mms[22m[39m
 [32mÔťô[39m tests/audio-engine-effect-intent-preview.test.ts [2m([22m[2m4 tests[22m[2m)[22m[90m 13[2mms[22m[39m
 [32mÔťô[39m tests/effect-reset.test.ts [2m([22m[2m2 tests[22m[2m)[22m[90m 15[2mms[22m[39m
 [32mÔťô[39m tests/plugins-effects-audit.test.ts [2m([22m[2m5 tests[22m[2m)[22m[90m 43[2mms[22m[39m
 [32mÔťô[39m tests/effect-intent-store.test.ts [2m([22m[2m2 tests[22m[2m)[22m[90m 122[2mms[22m[39m
 [32mÔťô[39m tests/effect-intent.test.ts [2m([22m[2m39 tests[22m[2m)[22m[33m 320[2mms[22m[39m
 [32mÔťô[39m tests/intent-effect-targets.test.ts [2m([22m[2m11 tests[22m[2m)[22m[90m 114[2mms[22m[39m
 [32mÔťô[39m tests/chorus-delay-buss.test.ts [2m([22m[2m15 tests[22m[2m)[22m[33m 4679[2mms[22m[39m
   [33m[2mÔťô[22m[39m chorus-processor sound[2m > [22mmix = 0 is unity (dry passes bit-exact) [33m344[2mms[22m[39m
   [33m[2mÔťô[22m[39m chorus-processor sound[2m > [22mextremes soak: finite, bounded, no NaN [33m2132[2mms[22m[39m
   [33m[2mÔťô[22m[39m stock-delay-processor sound[2m > [22mfeedback decays (no runaway) and mix = 0 is unity [33m1260[2mms[22m[39m
   [33m[2mÔťô[22m[39m stock-delay-processor sound[2m > [22mswitching TIME mid-render stays finite (glide, no zipper blowup) [33m829[2mms[22m[39m
 [32mÔťô[39m tests/kaskada.test.ts [2m([22m[2m64 tests[22m[2m)[22m[33m 5351[2mms[22m[39m
   [33m[2mÔťô[22m[39m kaskada extremes soak[2m > [22mrandomised param grid stays finite, bounded and non-growing (24 draws) [33m2192[2mms[22m[39m

[2m Test Files [22m [1m[32m11 passed[39m[22m[90m (11)[39m
[2m      Tests [22m [1m[32m163 passed[39m[22m[2m | [22m[33m56 skipped[39m[90m (219)[39m
[2m   Start at [22m 11:00:30
[2m   Duration [22m 12.04s[2m (transform 4.36s, setup 9.94s, collect 20.12s, tests 11.00s, environment 41.30s, prepare 3.59s)[22m

