
[1m[7m[36m RUN [39m[27m[22m [36mv2.1.9 [39m[90mD:/pulse-forge[39m

 [31mÔŁ»[39m tests/intent-artist-profiles.test.ts [2m([22m[2m14 tests[22m[2m | [22m[31m1 failed[39m[2m)[22m[90m 20[2mms[22m[39m
[31m   [31m├Ś[31m artist-profiles registry[2m > [22mships the twenty-two profiles across the documented genres[90m 9[2mms[22m[31m[39m
[31m     Ôćĺ expected [ 'ag-cook', 'anyma', ÔÇŽ(20) ] to deeply equal [ 'ag-cook', 'aphex-twin', ÔÇŽ(19) ][39m

ÔÄ»ÔÄ»ÔÄ»ÔÄ»ÔÄ»ÔÄ»ÔÄ» Failed Tests 1 ÔÄ»ÔÄ»ÔÄ»ÔÄ»ÔÄ»ÔÄ»ÔÄ»

 FAIL  tests/intent-artist-profiles.test.ts > artist-profiles registry > ships the twenty-two profiles across the documented genres
AssertionError: expected [ 'ag-cook', 'anyma', ÔÇŽ(20) ] to deeply equal [ 'ag-cook', 'aphex-twin', ÔÇŽ(19) ]

- Expected
+ Received

  Array [
    "ag-cook",
-   "aphex-twin",
    "anyma",
+   "aphex-twin",
    "axl-beats",
    "boards-of-canada",
    "burial",
    "dj-mustard",
    "dj-tameil",
    "dr-dre",
    "dvrst",
    "excision",
    "flume",
    "fred-again",
    "j-dilla",
+   "kaytranada",
    "lil-uzi-vert",
    "metro-boomin",
    "seven-lions",
    "skepta",
    "sophie",
    "travis-scott",
    "wiley",
  ]

 ÔŁ» tests/intent-artist-profiles.test.ts:12:49
     10| describe("artist-profiles registry", () => {
     11|   it("ships the twenty-two profiles across the documented genres", () ÔÇŽ
     12|     expect(Object.keys(ARTIST_PROFILES).sort()).toEqual([
       |                                                 ^
     13|       "ag-cook",
     14|       "aphex-twin",

ÔÄ»ÔÄ»ÔÄ»ÔÄ»ÔÄ»ÔÄ»ÔÄ»ÔÄ»ÔÄ»ÔÄ»ÔÄ»ÔÄ»ÔÄ»ÔÄ»ÔÄ»ÔÄ»ÔÄ»ÔÄ»ÔÄ»ÔÄ»ÔÄ»ÔÄ»ÔÄ»ÔÄ»[1/1]ÔÄ»

[2m Test Files [22m [1m[31m1 failed[39m[22m[90m (1)[39m
[2m      Tests [22m [1m[31m1 failed[39m[22m[2m | [22m[1m[32m13 passed[39m[22m[90m (14)[39m
[2m   Start at [22m 16:41:04
[2m   Duration [22m 2.69s[2m (transform 80ms, setup 366ms, collect 52ms, tests 20ms, environment 1.40s, prepare 175ms)[22m

