
[1m[7m[36m RUN [39m[27m[22m [36mv2.1.9 [39m[90mD:/pulse-forge[39m

 [32mÔťô[39m tests/intent-artist-profiles.test.ts [2m([22m[2m14 tests[22m[2m)[22m[90m 30[2mms[22m[39m
 [32mÔťô[39m tests/intent-artist-signature-seeding.test.ts [2m([22m[2m20 tests[22m[2m)[22m[90m 29[2mms[22m[39m
 [31mÔŁ»[39m tests/intent-artist-mix-wiring.test.ts [2m([22m[2m0 test[22m[2m)[22m
 [31mÔŁ»[39m tests/intent-master-decisions.test.ts [2m([22m[2m0 test[22m[2m)[22m
 [31mÔŁ»[39m tests/prior-embedding-conditioning.test.ts [2m([22m[2m0 test[22m[2m)[22m

ÔÄ»ÔÄ»ÔÄ»ÔÄ»ÔÄ»ÔÄ» Failed Suites 3 ÔÄ»ÔÄ»ÔÄ»ÔÄ»ÔÄ»ÔÄ»ÔÄ»

 FAIL  tests/intent-artist-mix-wiring.test.ts [ tests/intent-artist-mix-wiring.test.ts ]
 FAIL  tests/intent-master-decisions.test.ts [ tests/intent-master-decisions.test.ts ]
 FAIL  tests/prior-embedding-conditioning.test.ts [ tests/prior-embedding-conditioning.test.ts ]
Error: Transform failed with 1 error:
D:/pulse-forge/src/ai/grooves/house.ts:1923:2: ERROR: Expected identifier but found "{"
  Plugin: vite:esbuild
  File: D:/pulse-forge/src/ai/grooves/house.ts:1923:2
  
  Expected identifier but found "{"
  1921|    // the shaker (pad 7) carrying the 16ths and the tick (pad 14) marking the
  1922|    // clave. BPM 100-118, swing 0.08.
  1923|    {
     |    ^
  1924|  
  1925|  ];
  
 ÔŁ» failureErrorWithLog node_modules/vitest/node_modules/esbuild/lib/main.js:1472:15
 ÔŁ» node_modules/vitest/node_modules/esbuild/lib/main.js:755:50
 ÔŁ» responseCallbacks.<computed> node_modules/vitest/node_modules/esbuild/lib/main.js:622:9
 ÔŁ» handleIncomingPacket node_modules/vitest/node_modules/esbuild/lib/main.js:677:12
 ÔŁ» Socket.readFromStdout node_modules/vitest/node_modules/esbuild/lib/main.js:600:7

ÔÄ»ÔÄ»ÔÄ»ÔÄ»ÔÄ»ÔÄ»ÔÄ»ÔÄ»ÔÄ»ÔÄ»ÔÄ»ÔÄ»ÔÄ»ÔÄ»ÔÄ»ÔÄ»ÔÄ»ÔÄ»ÔÄ»ÔÄ»ÔÄ»ÔÄ»ÔÄ»ÔÄ»[1/3]ÔÄ»

[2m Test Files [22m [1m[31m3 failed[39m[22m[2m | [22m[1m[32m2 passed[39m[22m[90m (5)[39m
[2m      Tests [22m [1m[32m34 passed[39m[22m[90m (34)[39m
[2m   Start at [22m 11:25:15
[2m   Duration [22m 11.61s[2m (transform 8.52s, setup 7.26s, collect 1.96s, tests 60ms, environment 19.83s, prepare 2.28s)[22m

