
> pulse-forge@0.1.0 typecheck
> tsc --noEmit

src/intent/artist-profiles/index.ts(455,2): error TS1005: ',' expected.
src/intent/artist-profiles/index.ts(457,7): error TS1005: ':' expected.
src/intent/artist-profiles/index.ts(457,17): error TS1005: ',' expected.
src/intent/artist-profiles/index.ts(515,2): error TS1005: ',' expected.
src/intent/artist-profiles/index.ts(535,7): error TS1005: ':' expected.
src/intent/artist-profiles/index.ts(535,14): error TS1005: ',' expected.
src/intent/artist-profiles/index.ts(589,2): error TS1005: ',' expected.
src/intent/artist-profiles/index.ts(591,7): error TS1005: ':' expected.
src/intent/artist-profiles/index.ts(591,13): error TS1005: ',' expected.
src/intent/artist-profiles/index.ts(651,2): error TS1005: ',' expected.
src/intent/artist-profiles/index.ts(653,7): error TS1005: ':' expected.
src/intent/artist-profiles/index.ts(653,13): error TS1005: ',' expected.
src/intent/artist-profiles/index.ts(706,2): error TS1005: ',' expected.
src/intent/artist-profiles/index.ts(708,7): error TS1005: ':' expected.
src/intent/artist-profiles/index.ts(708,18): error TS1005: ',' expected.
src/intent/artist-profiles/index.ts(768,2): error TS1005: ',' expected.
src/intent/artist-profiles/index.ts(770,7): error TS1005: ':' expected.
src/intent/artist-profiles/index.ts(770,13): error TS1005: ',' expected.
src/intent/artist-profiles/index.ts(827,2): error TS1005: ',' expected.
src/intent/artist-profiles/index.ts(836,14): error TS1005: ':' expected.
src/intent/artist-profiles/index.ts(836,29): error TS1005: ',' expected.
src/intent/artist-profiles/index.ts(836,46): error TS1005: ',' expected.
src/intent/artist-profiles/index.ts(836,68): error TS1005: ',' expected.
src/intent/artist-profiles/index.ts(836,71): error TS1109: Expression expected.
