
> pulse-forge@0.1.0 prebuild
> npm run build:core-worklets && npm run build:fxeq && npm run build:ultina && npm run build:ozvena && npm run build:morph-dynamics


> pulse-forge@0.1.0 build:core-worklets
> node scripts/build-core-worklets.mjs

[core-worklets] bundles written to public/bitcrusher-worklet.js and public/core-worklet.js

> pulse-forge@0.1.0 build:fxeq
> node scripts/build-fxeq-worklet.mjs

[fxeq] worklet bundle written to public/fxeq-worklet.js

> pulse-forge@0.1.0 build:ultina
> node scripts/build-ultina-worklet.mjs

[ultina] worklet bundle written to public/ultina-worklet.js

> pulse-forge@0.1.0 build:ozvena
> node scripts/build-ozvena-worklet.mjs

[ozvena] worklet bundle written to public/ozvena-worklet.js

> pulse-forge@0.1.0 build:morph-dynamics
> node scripts/build-morph-dynamics-worklet.mjs

[morph-dynamics] worklet bundle written to public/morph-dynamics-worklet.js

> pulse-forge@0.1.0 build
> tsc --noEmit && vite build && node scripts/copy-audiotool-licenses.mjs && node scripts/check-bundle-size.mjs

src/interop/qmrBridge.ts(148,12): error TS2448: Block-scoped variable 'isMountedInEcosystem' used before its declaration.
src/interop/qmrBridge.ts(148,12): error TS2454: Variable 'isMountedInEcosystem' is used before being assigned.
BUILD_EXIT:2
