
> pulse-forge@0.1.0 curated:seeds
> node scripts/render-curated-seeds.mjs

[curated-seeds] factory.kick.deep.wav — 126.7 kB · Kick · norm +4.4 dB · trim -1.7 dB · peak -3.2 dBFS · momentary -8 LUFS
[curated-seeds] factory.kick.punch.wav — 103.4 kB · Kick · norm +4.6 dB · trim -0.8 dB · peak -2.5 dBFS · momentary -8 LUFS
[curated-seeds] factory.kick.techno.wav — 160.3 kB · Kick · norm -5.7 dB · trim -3.1 dB · peak -4.3 dBFS · momentary -8 LUFS
[curated-seeds] factory.kick.sub808.wav — 297.2 kB · Kick · norm -13.3 dB · trim -5.2 dB · peak -6.4 dBFS · momentary -8 LUFS
[curated-seeds] factory.kick.trap.wav — 108.6 kB · Kick · norm -1 dB · trim -2.2 dB · peak -3.3 dBFS · momentary -8 LUFS
[curated-seeds] factory.kick.soft.wav — 137.0 kB · Kick · norm +4.1 dB · trim -1.9 dB · peak -3.1 dBFS · momentary -8 LUFS
[curated-seeds] factory.kick.808drive.wav — 348.9 kB · Kick · norm -18.7 dB · trim -5.8 dB · peak -7.8 dBFS · momentary -8 LUFS
[curated-seeds] factory.kick.808pure.wav — 400.6 kB · Kick · norm -11.3 dB · trim -3.2 dB · peak -6.2 dBFS · momentary -8 LUFS
[curated-seeds] factory.kick.drill.wav — 168.1 kB · Kick · norm -9.5 dB · trim -4.2 dB · peak -5.4 dBFS · momentary -8 LUFS
[curated-seeds] factory.kick.phonk.wav — 103.4 kB · Kick · norm +0.5 dB · trim -1.8 dB · peak -2.9 dBFS · momentary -8 LUFS
[curated-seeds] factory.kick.jersey.wav — 103.4 kB · Kick · norm +8.8 dB · trim -0.7 dB · peak -2.1 dBFS · momentary -8 LUFS
[curated-seeds] factory.kick.dnb.wav — 103.4 kB · Kick · norm +7.8 dB · trim -0.9 dB · peak -2.3 dBFS · momentary -8 LUFS
[curated-seeds] factory.kick.lofi.wav — 103.4 kB · Kick · norm +3.3 dB · trim -1.5 dB · peak -2.6 dBFS · momentary -8 LUFS
[curated-seeds] factory.kick.knock.wav — 106.0 kB · Kick · norm +6 dB · trim -1.4 dB · peak -2.5 dBFS · momentary -8 LUFS
[curated-seeds] factory.kick.909.wav — 103.4 kB · Kick · norm +3.4 dB · trim -1.5 dB · peak -3.3 dBFS · momentary -8 LUFS
[curated-seeds] factory.snare.main.wav — 103.4 kB · Snare · norm +8.1 dB · trim -1.3 dB · peak -2.7 dBFS · momentary -9.5 LUFS
[curated-seeds] factory.snare.tight.wav — 103.4 kB · Snare · norm +13.6 dB · trim +0.3 dB · peak -1.4 dBFS · momentary -9.5 LUFS
[curated-seeds] factory.snare.punch.wav — 103.4 kB · Snare · norm +5.6 dB · trim -1 dB · peak -2.5 dBFS · momentary -9.5 LUFS
[curated-seeds] factory.snare.trap.wav — 103.4 kB · Snare · norm +6.2 dB · trim +0.4 dB · peak -1.6 dBFS · momentary -9.5 LUFS
[curated-seeds] factory.snare.drill.wav — 103.4 kB · Snare · norm +13.4 dB · trim +0.3 dB · peak -1.7 dBFS · momentary -9.5 LUFS
[curated-seeds] factory.snare.phonk.wav — 103.4 kB · Snare · norm +8 dB · trim -1.1 dB · peak -2.4 dBFS · momentary -9.5 LUFS
[curated-seeds] factory.snare.jersey.wav — 103.4 kB · Snare · norm +13.3 dB · trim +0.7 dB · peak -1.4 dBFS · momentary -9.7 LUFS
[curated-seeds] factory.snare.dnb.wav — 103.4 kB · Snare · norm +9.2 dB · trim -0.9 dB · peak -2.6 dBFS · momentary -9.5 LUFS
[curated-seeds] factory.snare.lofi.wav — 103.4 kB · Snare · norm +11.7 dB · trim -0.6 dB · peak -1.9 dBFS · momentary -9.5 LUFS
[curated-seeds] factory.clap.main.wav — 103.4 kB · Clap · norm +15 dB · trim -2.6 dB · peak -4.1 dBFS · momentary -10.5 LUFS
[curated-seeds] factory.clap.soft.wav — 106.0 kB · Clap · norm +15.1 dB · trim -2.7 dB · peak -4.2 dBFS · momentary -10.5 LUFS
[curated-seeds] factory.hat.closed.wav — 103.4 kB · Hat · norm +6.2 dB · trim +0.3 dB · peak -2.1 dBFS · momentary -15.5 LUFS
[curated-seeds] factory.hat.closed.soft.wav — 103.4 kB · Hat · norm +12.7 dB · trim +0.4 dB · peak -1.8 dBFS · momentary -15.6 LUFS
[curated-seeds] factory.hat.open.wav — 118.9 kB · Hat · norm -8.2 dB · trim -2.7 dB · peak -4.8 dBFS · momentary -15.5 LUFS
[curated-seeds] factory.hat.open.short.wav — 103.4 kB · Hat · norm -1.8 dB · trim -2.2 dB · peak -4.1 dBFS · momentary -15.5 LUFS
[curated-seeds] factory.hat.pedal.wav — 103.4 kB · Hat · norm +15.4 dB · trim +0.8 dB · peak -1.9 dBFS · momentary -15.5 LUFS
[curated-seeds] factory.hat.drill.wav — 103.4 kB · Hat · norm +12.3 dB · trim +0.4 dB · peak -1.8 dBFS · momentary -16.3 LUFS
[curated-seeds] factory.hat.phonk.wav — 103.4 kB · Hat · norm +5.2 dB · trim -0.5 dB · peak -3.3 dBFS · momentary -15.5 LUFS
[curated-seeds] factory.hat.jersey.wav — 103.4 kB · Hat · norm +2.4 dB · trim -0.3 dB · peak -2.7 dBFS · momentary -15.5 LUFS
[curated-seeds] factory.hat.dnb.wav — 103.4 kB · Hat · norm +7.2 dB · trim +0.3 dB · peak -2.3 dBFS · momentary -15.5 LUFS
[curated-seeds] factory.hat.open.cup.wav — 103.4 kB · Hat · norm -6.6 dB · trim -2.6 dB · peak -4.9 dBFS · momentary -15.5 LUFS
[curated-seeds] factory.ride.ping.wav — 203.1 kB · Cymbal · norm -10.6 dB · trim -1.5 dB · peak -5.9 dBFS · momentary -17 LUFS
[curated-seeds] factory.ride.bell.wav — 274.3 kB · Cymbal · norm -14.2 dB · trim -0.7 dB · peak -9.3 dBFS · momentary -17 LUFS
[curated-seeds] factory.crash.main.wav — 304.9 kB · Crash · norm -19.2 dB · trim -0.5 dB · peak -8.8 dBFS · momentary -17 LUFS
[curated-seeds] factory.crash.dark.wav — 388.3 kB · Crash · norm -19.1 dB · trim -0.6 dB · peak -9.9 dBFS · momentary -17 LUFS
[curated-seeds] factory.tom.low.wav — 116.3 kB · Tom · norm -4.6 dB · trim -3.5 dB · peak -5 dBFS · momentary -11.5 LUFS
[curated-seeds] factory.tom.mid.wav — 116.3 kB · Tom · norm -5.2 dB · trim -3.5 dB · peak -5 dBFS · momentary -11.5 LUFS
[curated-seeds] factory.tom.high.wav — 116.3 kB · Tom · norm -5.5 dB · trim -3.6 dB · peak -5.1 dBFS · momentary -11.5 LUFS
[curated-seeds] factory.rim.chip.wav — 103.4 kB · Rim · norm +13.5 dB · trim +0.2 dB · peak -1.8 dBFS · momentary -13.2 LUFS
[curated-seeds] factory.shaker.soft.wav — 103.4 kB · Percussion · norm +11.4 dB · trim -1.5 dB · peak -3.5 dBFS · momentary -13.5 LUFS
[curated-seeds] factory.perc.tick.wav — 103.4 kB · Percussion · norm +29.7 dB · trim +0.3 dB · peak -1.8 dBFS · momentary -15.4 LUFS
[curated-seeds] factory.perc.blip.wav — 103.4 kB · Percussion · norm +0.8 dB · trim -1.3 dB · peak -3.1 dBFS · momentary -13.5 LUFS
[curated-seeds] factory.perc.cowbell.wav — 103.4 kB · Percussion · norm -6.8 dB · trim -3 dB · peak -4.8 dBFS · momentary -13.5 LUFS
[curated-seeds] factory.perc.cowbell.dark.wav — 121.5 kB · Percussion · norm -8.9 dB · trim -3.7 dB · peak -5.5 dBFS · momentary -13.5 LUFS
[curated-seeds] factory.perc.cowbell.scream.wav — 132.0 kB · Percussion · norm -18.6 dB · trim -4.4 dB · peak -7.1 dBFS · momentary -13.5 LUFS
[curated-seeds] factory.perc.cowbell.drill.wav — 103.4 kB · Percussion · norm -2.8 dB · trim -2.3 dB · peak -4.1 dBFS · momentary -13.5 LUFS
[curated-seeds] factory.perc.cowbell.bright.wav — 103.4 kB · Percussion · norm -5.8 dB · trim -2.7 dB · peak -4.5 dBFS · momentary -13.5 LUFS
[curated-seeds] factory.perc.conga.wav — 103.4 kB · Percussion · norm -4.4 dB · trim -2.7 dB · peak -4.5 dBFS · momentary -13.5 LUFS
[curated-seeds] factory.perc.tambourine.wav — 103.4 kB · Percussion · norm +7.4 dB · trim -1.6 dB · peak -3.5 dBFS · momentary -13.5 LUFS
[curated-seeds] factory.fx.riser.wav — 516.8 kB · FX · norm -18.1 dB · trim -0.1 dB · peak -5.8 dBFS · momentary -13 LUFS
[curated-seeds] factory.fx.downlifter.wav — 408.6 kB · FX · norm -17.1 dB · trim -1.4 dB · peak -8 dBFS · momentary -13 LUFS
[curated-seeds] factory.fx.impact.wav — 271.4 kB · FX · norm -12.9 dB · trim -4.2 dB · peak -5.7 dBFS · momentary -13 LUFS
[curated-seeds] factory.fx.sweep.wav — 352.8 kB · FX · norm -12.4 dB · trim -2 dB · peak -6 dBFS · momentary -13 LUFS
[curated-seeds] factory.fx.reverse.wav — 305.6 kB · FX · norm -14.1 dB · trim -2.2 dB · peak -5.5 dBFS · momentary -13 LUFS
[curated-seeds] factory.fx.noise.wav — 103.4 kB · FX · norm -4.6 dB · trim -2.2 dB · peak -4.4 dBFS · momentary -13 LUFS
[curated-seeds] factory.tonal.pluck.wav — 129.3 kB · Tonal · norm -13.5 dB · trim -4.3 dB · peak -6.1 dBFS · momentary -16 LUFS
[curated-seeds] factory.tonal.stab.wav — 121.4 kB · Tonal · norm -8.5 dB · trim -3.9 dB · peak -5.7 dBFS · momentary -16 LUFS
[curated-seeds] factory.tonal.keys.wav — 271.0 kB · Tonal · norm -21.1 dB · trim -2.9 dB · peak -8.1 dBFS · momentary -16 LUFS
[curated-seeds] factory.tonal.bell.wav — 345.9 kB · Tonal · norm -23.9 dB · trim -2.5 dB · peak -9.2 dBFS · momentary -16 LUFS
[curated-seeds] factory.tonal.memphisguitar.wav — 212.1 kB · Tonal · norm -20.1 dB · trim -2.8 dB · peak -8.6 dBFS · momentary -16 LUFS
[curated-seeds] factory.tonal.darkstrings.wav — 367.6 kB · Tonal · norm -13.7 dB · trim -2.5 dB · peak -9 dBFS · momentary -16 LUFS
[curated-seeds] factory.tonal.rhodes.wav — 325.3 kB · Tonal · norm -24.5 dB · trim -2.6 dB · peak -8.8 dBFS · momentary -16 LUFS
[curated-seeds] factory.tonal.trumpet.wav — 297.5 kB · Tonal · norm -19.1 dB · trim -3.4 dB · peak -8.7 dBFS · momentary -16 LUFS
[curated-seeds] factory.tonal.animepluck.wav — 116.3 kB · Tonal · norm -11.7 dB · trim -4 dB · peak -5.8 dBFS · momentary -16 LUFS
[curated-seeds] factory.tonal.sadpiano.wav — 391.0 kB · Tonal · norm -24.5 dB · trim -2.5 dB · peak -9.8 dBFS · momentary -16 LUFS
[curated-seeds] factory.tonal.padwarm.wav — 564.3 kB · Tonal · norm -13.1 dB · trim -2.5 dB · peak -11.3 dBFS · momentary -16 LUFS
[curated-seeds] factory.tonal.harp.wav — 197.9 kB · Tonal · norm -18.6 dB · trim -3.2 dB · peak -6.8 dBFS · momentary -16 LUFS
[curated-seeds] factory.tonal.wurli.wav — 581.4 kB · Tonal · norm -26.1 dB · trim -2.6 dB · peak -9.5 dBFS · momentary -16 LUFS
[curated-seeds] factory.tonal.organ.wav — 516.6 kB · Tonal · norm -31.3 dB · trim -2.4 dB · peak -13.1 dBFS · momentary -16 LUFS
[curated-seeds] factory.tonal.acousticguitar.wav — 581.5 kB · Tonal · norm -26.9 dB · trim -2.8 dB · peak -10.9 dBFS · momentary -16 LUFS
[curated-seeds] factory.tonal.choirpad.wav — 789.4 kB · Tonal · norm -18.6 dB · trim -2.3 dB · peak -9.2 dBFS · momentary -16 LUFS
[curated-seeds] factory.tonal.sitar.wav — 529.2 kB · Tonal · norm -20.6 dB · trim -2.5 dB · peak -8.9 dBFS · momentary -16 LUFS
[curated-seeds] factory.tonal.erhu.wav — 477.9 kB · Tonal · norm -13.4 dB · trim -3.1 dB · peak -5 dBFS · momentary -16 LUFS
[curated-seeds] factory.tonal.cello.wav — 632.7 kB · Tonal · norm -19.4 dB · trim -2.6 dB · peak -6.9 dBFS · momentary -16 LUFS
[curated-seeds] factory.tonal.nylonguitar.wav — 581.4 kB · Tonal · norm -24.5 dB · trim -2.6 dB · peak -12.4 dBFS · momentary -16 LUFS
[curated-seeds] factory.tonal.orchestrahit.wav — 167.1 kB · Tonal · norm -13.3 dB · trim -3.1 dB · peak -4.8 dBFS · momentary -16 LUFS
[curated-seeds] factory.tonal.pizzicato.wav — 116.4 kB · Tonal · norm -7.3 dB · trim -4.4 dB · peak -6.2 dBFS · momentary -16 LUFS
[curated-seeds] factory.tonal.violin.wav — 529.6 kB · Tonal · norm -25.3 dB · trim -2.1 dB · peak -13.7 dBFS · momentary -16 LUFS
[curated-seeds] factory.kick.pop.wav — 103.4 kB · Kick · norm +5.4 dB · trim -0.7 dB · peak -2.1 dBFS · momentary -8 LUFS
[curated-seeds] factory.clap.pop.wav — 103.4 kB · Clap · norm +11.1 dB · trim -2.8 dB · peak -4.3 dBFS · momentary -10.5 LUFS
[curated-seeds] factory.crash.pop.wav — 343.6 kB · Crash · norm -19.3 dB · trim -0.5 dB · peak -9.7 dBFS · momentary -17 LUFS
[curated-seeds] factory.tom.floor.wav — 116.2 kB · Tom · norm -4 dB · trim -3.4 dB · peak -4.9 dBFS · momentary -11.5 LUFS
[curated-seeds] factory.rim.pop.wav — 103.4 kB · Rim · norm +16.6 dB · trim +0.4 dB · peak -1.8 dBFS · momentary -13.2 LUFS
[curated-seeds] factory.perc.shaker.pop.wav — 103.4 kB · Percussion · norm +10 dB · trim -1.5 dB · peak -3.8 dBFS · momentary -13.5 LUFS
[curated-seeds] factory.mallet.kalimba.wav — 271.4 kB · Tonal · norm -24.4 dB · trim -2.4 dB · peak -10.3 dBFS · momentary -16 LUFS
[curated-seeds] factory.mallet.musicbox.wav — 581.5 kB · Tonal · norm -29 dB · trim -1.7 dB · peak -14.6 dBFS · momentary -16 LUFS
[curated-seeds] 91 seed(s) written to public/samples/ (replace with real recordings!)
