// Vitest Snapshot v1, https://vitest.dev/guide/snapshot.html

exports[`reference/golden > 120 BPM click track — canonical rhythm snapshot 1`] = `
{
  "diagnostics": {
    "analysisSampleRate": 22050,
    "analyzedSeconds": 6,
    "engineVersion": "kyx-reference/1.0.0",
    "fftSize": 2048,
    "frameCount": 255,
    "hopSize": 512,
    "onsetEnvelopeLength": 255,
    "peakAmplitude": 0,
    "processingMs": 0,
    "rmsLevel": 0,
    "schemaVersion": 1,
    "tempoRange": [
      50,
      220,
    ],
    "tonalFrameCount": 255,
    "tonalRegion": "middle",
  },
  "metadata": {
    "channels": 1,
    "duration": 6,
    "name": "fixture",
    "sampleRate": 22050,
    "size": 529200,
  },
  "rhythm": {
    "beatIntervalSeconds": 0.49954208642078096,
    "beatOffsetSeconds": 0.4356,
    "beatTimes": [
      0.435647,
      0.935189,
      1.434731,
      1.934273,
      2.433816,
      2.933358,
      3.4329,
      3.932442,
      4.431984,
      4.931526,
      5.431068,
      5.93061,
    ],
    "bpm": 120.11,
    "candidates": [
      {
        "bpm": 120.11,
        "relation": "primary",
        "score": 0.9328,
      },
      {
        "bpm": 60.05,
        "relation": "half-time",
        "score": 0,
      },
      {
        "bpm": 240.22,
        "relation": "double-time",
        "score": 0,
      },
      {
        "bpm": 80.53,
        "relation": "alternative",
        "score": 0.206,
      },
      {
        "bpm": 71.78,
        "relation": "alternative",
        "score": 0.126,
      },
    ],
    "confidence": 0.6522240043954488,
    "localBpms": [],
    "stability": "unknown",
    "warning": null,
  },
  "tonal": {
    "camelot": "8B",
    "candidates": [
      {
        "confidence": 0.718399216074665,
        "mode": "major",
        "score": 0.6951,
        "tonic": "C",
      },
      {
        "confidence": 0.6611395995261969,
        "mode": "major",
        "score": 0.6636,
        "tonic": "F",
      },
      {
        "confidence": 0.595867110904343,
        "mode": "minor",
        "score": 0.6277,
        "tonic": "C",
      },
      {
        "confidence": 0.49258947771155304,
        "mode": "minor",
        "score": 0.5709,
        "tonic": "F",
      },
      {
        "confidence": 0.012183838847890092,
        "mode": "major",
        "score": 0.3067,
        "tonic": "A#",
      },
    ],
    "chroma": [
      0.28068295669187643,
      0.07804580494513506,
      0.03331309012281259,
      0.02562483228462786,
      0.022228293200650062,
      0.16248641597261246,
      0.052550976008974466,
      0.1308806038129761,
      0.04447669108052843,
      0.02160473297240602,
      0.10120645636840901,
      0.04689914653899157,
    ],
    "confidence": 0.5835092849993999,
    "mode": "major",
    "tonic": "C",
    "warning": null,
  },
  "warnings": [
    "Short audio may produce unreliable tempo analysis.",
  ],
}
`;

exports[`reference/golden > C sustained-note track — canonical tonal snapshot (major/minor interchangeable on synthetic fixtures) 1`] = `
{
  "diagnostics": {
    "analysisSampleRate": 22050,
    "analyzedSeconds": 12,
    "engineVersion": "kyx-reference/1.0.0",
    "fftSize": 2048,
    "frameCount": 513,
    "hopSize": 512,
    "onsetEnvelopeLength": 513,
    "peakAmplitude": 0,
    "processingMs": 0,
    "rmsLevel": 0,
    "schemaVersion": 1,
    "tempoRange": [
      50,
      220,
    ],
    "tonalFrameCount": 513,
    "tonalRegion": "middle",
  },
  "metadata": {
    "channels": 1,
    "duration": 12,
    "name": "fixture",
    "sampleRate": 22050,
    "size": 1058400,
  },
  "rhythm": {
    "beatIntervalSeconds": 0.9290802105915145,
    "beatOffsetSeconds": 0.302,
    "beatTimes": [
      0.301951,
      1.231031,
      2.160111,
      3.089192,
      4.018272,
      4.947352,
      5.876432,
      6.805513,
      7.734593,
      8.663673,
      9.592753,
      10.521833,
      11.450914,
    ],
    "bpm": 64.58,
    "candidates": [
      {
        "bpm": 64.58,
        "relation": "primary",
        "score": 0.9403,
      },
      {
        "bpm": 32.29,
        "relation": "half-time",
        "score": 0,
      },
      {
        "bpm": 129.16,
        "relation": "double-time",
        "score": 0,
      },
      {
        "bpm": 98.92,
        "relation": "alternative",
        "score": 0.901,
      },
      {
        "bpm": 83.25,
        "relation": "alternative",
        "score": 0.7731,
      },
      {
        "bpm": 135.91,
        "relation": "alternative",
        "score": 0.7376,
      },
    ],
    "confidence": 0.5747009906651706,
    "localBpms": [],
    "stability": "unknown",
    "warning": null,
  },
  "tonal": {
    "camelot": "5A",
    "candidates": [
      {
        "confidence": 0.4235272654084798,
        "mode": "minor",
        "score": 0.5329,
        "tonic": "C",
      },
      {
        "confidence": 0.29420885525601403,
        "mode": "major",
        "score": 0.4618,
        "tonic": "C",
      },
      {
        "confidence": 0.08418798647542054,
        "mode": "minor",
        "score": 0.3463,
        "tonic": "F",
      },
      {
        "confidence": 0,
        "mode": "major",
        "score": 0.2685,
        "tonic": "F",
      },
      {
        "confidence": 0,
        "mode": "major",
        "score": 0.213,
        "tonic": "G#",
      },
    ],
    "chroma": [
      0.1856708193211809,
      0.11725421884672096,
      0.06997872424868526,
      0.05212440909101306,
      0.047099650710545775,
      0.08385871565525824,
      0.07268870275770858,
      0.09025832941810522,
      0.06806649539747803,
      0.026785974357301484,
      0.08372203365989801,
      0.1024919265361045,
    ],
    "confidence": 0.40318028270640005,
    "mode": "minor",
    "tonic": "C",
    "warning": "Low tonal confidence — the key is ambiguous.",
  },
  "warnings": [
    "Low tonal confidence — the key is ambiguous.",
  ],
}
`;
